Archive member included to satisfy reference by file (symbol)

d:/atmel/7.0/toolchain/arm/arm-gnu-toolchain/bin/../lib/gcc/arm-none-eabi/6.3.1/thumb/v6-m\libgcc.a(_udivsi3.o)
                              src/ASF/common2/services/delay/sam0/systick_counter.o (__aeabi_uidiv)
d:/atmel/7.0/toolchain/arm/arm-gnu-toolchain/bin/../lib/gcc/arm-none-eabi/6.3.1/thumb/v6-m\libgcc.a(_dvmd_tls.o)
                              d:/atmel/7.0/toolchain/arm/arm-gnu-toolchain/bin/../lib/gcc/arm-none-eabi/6.3.1/thumb/v6-m\libgcc.a(_udivsi3.o) (__aeabi_idiv0)
d:/atmel/7.0/toolchain/arm/arm-gnu-toolchain/bin/../lib/gcc/arm-none-eabi/6.3.1/thumb/v6-m\libgcc.a(_muldi3.o)
                              src/ASF/sam0/drivers/sercom/sercom.o (__aeabi_lmul)
d:/atmel/7.0/toolchain/arm/arm-gnu-toolchain/bin/../lib/gcc/arm-none-eabi/6.3.1/../../../../arm-none-eabi/lib/thumb/v6-m\libc_nano.a(lib_a-exit.o)
                              d:/atmel/7.0/toolchain/arm/arm-gnu-toolchain/bin/../lib/gcc/arm-none-eabi/6.3.1/../../../../arm-none-eabi/lib/thumb/v6-m/crt0.o (exit)
d:/atmel/7.0/toolchain/arm/arm-gnu-toolchain/bin/../lib/gcc/arm-none-eabi/6.3.1/../../../../arm-none-eabi/lib/thumb/v6-m\libc_nano.a(lib_a-impure.o)
                              d:/atmel/7.0/toolchain/arm/arm-gnu-toolchain/bin/../lib/gcc/arm-none-eabi/6.3.1/../../../../arm-none-eabi/lib/thumb/v6-m\libc_nano.a(lib_a-exit.o) (_global_impure_ptr)
d:/atmel/7.0/toolchain/arm/arm-gnu-toolchain/bin/../lib/gcc/arm-none-eabi/6.3.1/../../../../arm-none-eabi/lib/thumb/v6-m\libc_nano.a(lib_a-init.o)
                              d:/atmel/7.0/toolchain/arm/arm-gnu-toolchain/bin/../lib/gcc/arm-none-eabi/6.3.1/../../../../arm-none-eabi/lib/thumb/v6-m/crt0.o (__libc_init_array)
d:/atmel/7.0/toolchain/arm/arm-gnu-toolchain/bin/../lib/gcc/arm-none-eabi/6.3.1/../../../../arm-none-eabi/lib/thumb/v6-m\libc_nano.a(lib_a-memset.o)
                              d:/atmel/7.0/toolchain/arm/arm-gnu-toolchain/bin/../lib/gcc/arm-none-eabi/6.3.1/../../../../arm-none-eabi/lib/thumb/v6-m/crt0.o (memset)

Allocating common symbols
Common symbol       size              file

finger_rx_buffer    0x1a              src/BLE_E104BT02.o
FPaction_Flag       0x1               src/FP_FPM023.o
usart_finger_instance
                    0x24              src/BLE_E104BT02.o
_sercom_instances   0x18              src/ASF/sam0/drivers/sercom/sercom_interrupt.o
_extint_dev         0x40              src/ASF/sam0/drivers/extint/extint_sam_d_r_h/extint.o
usart_ble_instance  0x24              src/BLE_E104BT02.o
_current_channel    0x1               src/ASF/sam0/drivers/extint/extint_callback.o
ble_rx_buffer       0x15              src/BLE_E104BT02.o

Discarded input sections

 .text          0x00000000        0x0 d:/atmel/7.0/toolchain/arm/arm-gnu-toolchain/bin/../lib/gcc/arm-none-eabi/6.3.1/thumb/v6-m/crti.o
 .data          0x00000000        0x0 d:/atmel/7.0/toolchain/arm/arm-gnu-toolchain/bin/../lib/gcc/arm-none-eabi/6.3.1/thumb/v6-m/crti.o
 .bss           0x00000000        0x0 d:/atmel/7.0/toolchain/arm/arm-gnu-toolchain/bin/../lib/gcc/arm-none-eabi/6.3.1/thumb/v6-m/crti.o
 .data          0x00000000        0x4 d:/atmel/7.0/toolchain/arm/arm-gnu-toolchain/bin/../lib/gcc/arm-none-eabi/6.3.1/thumb/v6-m/crtbegin.o
 .text          0x00000000       0x78 d:/atmel/7.0/toolchain/arm/arm-gnu-toolchain/bin/../lib/gcc/arm-none-eabi/6.3.1/../../../../arm-none-eabi/lib/thumb/v6-m/crt0.o
 .data          0x00000000        0x0 d:/atmel/7.0/toolchain/arm/arm-gnu-toolchain/bin/../lib/gcc/arm-none-eabi/6.3.1/../../../../arm-none-eabi/lib/thumb/v6-m/crt0.o
 .bss           0x00000000        0x0 d:/atmel/7.0/toolchain/arm/arm-gnu-toolchain/bin/../lib/gcc/arm-none-eabi/6.3.1/../../../../arm-none-eabi/lib/thumb/v6-m/crt0.o
 .ARM.extab     0x00000000        0x0 d:/atmel/7.0/toolchain/arm/arm-gnu-toolchain/bin/../lib/gcc/arm-none-eabi/6.3.1/../../../../arm-none-eabi/lib/thumb/v6-m/crt0.o
 .ARM.exidx     0x00000000        0x8 d:/atmel/7.0/toolchain/arm/arm-gnu-toolchain/bin/../lib/gcc/arm-none-eabi/6.3.1/../../../../arm-none-eabi/lib/thumb/v6-m/crt0.o
 .ARM.attributes
                0x00000000       0x1b d:/atmel/7.0/toolchain/arm/arm-gnu-toolchain/bin/../lib/gcc/arm-none-eabi/6.3.1/../../../../arm-none-eabi/lib/thumb/v6-m/crt0.o
 .group         0x00000000        0x8 src/ASF/sam0/drivers/extint/extint_sam_d_r_h/extint.o
 .group         0x00000000        0x8 src/ASF/sam0/drivers/extint/extint_sam_d_r_h/extint.o
 .group         0x00000000        0x8 src/ASF/sam0/drivers/extint/extint_sam_d_r_h/extint.o
 .group         0x00000000        0x8 src/ASF/sam0/drivers/extint/extint_sam_d_r_h/extint.o
 .group         0x00000000        0x8 src/ASF/sam0/drivers/extint/extint_sam_d_r_h/extint.o
 .group         0x00000000        0x8 src/ASF/sam0/drivers/extint/extint_sam_d_r_h/extint.o
 .group         0x00000000        0x8 src/ASF/sam0/drivers/extint/extint_sam_d_r_h/extint.o
 .group         0x00000000        0x8 src/ASF/sam0/drivers/extint/extint_sam_d_r_h/extint.o
[...]
Memory Configuration

Name             Origin             Length             Attributes
rom              0x00000000         0x00040000         xr
ram              0x20000000         0x00008000         xrw
*default*        0x00000000         0xffffffff

Linker script and memory map

LOAD d:/atmel/7.0/toolchain/arm/arm-gnu-toolchain/bin/../lib/gcc/arm-none-eabi/6.3.1/thumb/v6-m/crti.o
LOAD d:/atmel/7.0/toolchain/arm/arm-gnu-toolchain/bin/../lib/gcc/arm-none-eabi/6.3.1/thumb/v6-m/crtbegin.o
LOAD d:/atmel/7.0/toolchain/arm/arm-gnu-toolchain/bin/../lib/gcc/arm-none-eabi/6.3.1/../../../../arm-none-eabi/lib/thumb/v6-m/crt0.o
LOAD src/ASF/sam0/drivers/extint/extint_sam_d_r_h/extint.o
LOAD src/ASF/sam0/drivers/sercom/sercom.o
LOAD src/ASF/sam0/drivers/sercom/usart/usart.o
LOAD src/ASF/sam0/drivers/sercom/usart/usart_interrupt.o
LOAD src/ASF/sam0/drivers/sercom/sercom_interrupt.o
LOAD src/ASF/sam0/drivers/extint/extint_callback.o
LOAD src/ASF/common2/services/delay/sam0/systick_counter.o
LOAD src/ASF/sam0/drivers/port/port.o
LOAD src/BLE_E104BT02.o
LOAD src/FP_FPM023.o
LOAD src/ASF/common2/boards/user_board/init.o
LOAD src/ASF/common/utils/interrupt/interrupt_sam_nvic.o
LOAD src/ASF/sam0/drivers/system/clock/clock_samd20/clock.o
LOAD src/ASF/sam0/drivers/system/clock/clock_samd20/gclk.o
LOAD src/ASF/sam0/drivers/system/interrupt/system_interrupt.o
LOAD src/ASF/sam0/drivers/system/pinmux/pinmux.o
LOAD src/ASF/sam0/drivers/system/system.o
LOAD src/ASF/sam0/utils/cmsis/samd20/source/gcc/startup_samd20.o
LOAD src/ASF/sam0/utils/cmsis/samd20/source/system_samd20.o
LOAD src/ASF/sam0/utils/syscalls/gcc/syscalls.o
LOAD src/main.o
START GROUP
LOAD ../src/ASF/thirdparty/CMSIS/Lib/GCC\libarm_cortexM0l_math.a
LOAD d:/atmel/7.0/toolchain/arm/arm-gnu-toolchain/bin/../lib/gcc/arm-none-eabi/6.3.1/../../../../arm-none-eabi/lib/thumb/v6-m\libm.a
END GROUP
START GROUP
LOAD d:/atmel/7.0/toolchain/arm/arm-gnu-toolchain/bin/../lib/gcc/arm-none-eabi/6.3.1/thumb/v6-m\libgcc.a
LOAD d:/atmel/7.0/toolchain/arm/arm-gnu-toolchain/bin/../lib/gcc/arm-none-eabi/6.3.1/../../../../arm-none-eabi/lib/thumb/v6-m\libc_nano.a
END GROUP
START GROUP
LOAD d:/atmel/7.0/toolchain/arm/arm-gnu-toolchain/bin/../lib/gcc/arm-none-eabi/6.3.1/thumb/v6-m\libgcc.a
LOAD d:/atmel/7.0/toolchain/arm/arm-gnu-toolchain/bin/../lib/gcc/arm-none-eabi/6.3.1/../../../../arm-none-eabi/lib/thumb/v6-m\libc_nano.a
END GROUP
LOAD d:/atmel/7.0/toolchain/arm/arm-gnu-toolchain/bin/../lib/gcc/arm-none-eabi/6.3.1/thumb/v6-m/crtend.o
LOAD d:/atmel/7.0/toolchain/arm/arm-gnu-toolchain/bin/../lib/gcc/arm-none-eabi/6.3.1/thumb/v6-m/crtn.o
                0x00002000                STACK_SIZE = DEFINED (STACK_SIZE)?STACK_SIZE:DEFINED (__stack_size__)?__stack_size__:0x2000

.text           0x00000000     0x1c38
                0x00000000                . = ALIGN (0x4)
                0x00000000                _sfixed = .
 *(.vectors .vectors.*)
 .vectors       0x00000000       0xa4 src/ASF/sam0/utils/cmsis/samd20/source/gcc/startup_samd20.o
                0x00000000                exception_table
 *(.text .text.* .gnu.linkonce.t.*)
 .text          0x000000a4       0x60 d:/atmel/7.0/toolchain/arm/arm-gnu-toolchain/bin/../lib/gcc/arm-none-eabi/6.3.1/thumb/v6-m/crtbegin.o
 .text._extint_enable
                0x00000104       0x18 src/ASF/sam0/drivers/extint/extint_sam_d_r_h/extint.o
 .text._system_extint_init
                0x0000011c       0x6c src/ASF/sam0/drivers/extint/extint_sam_d_r_h/extint.o
                0x0000011c                _system_extint_init
 .text.extint_chan_get_config_defaults
                0x00000188       0x14 src/ASF/sam0/drivers/extint/extint_sam_d_r_h/extint.o
                0x00000188                extint_chan_get_config_defaults
 .text.extint_chan_set_config
                0x0000019c       0x78 src/ASF/sam0/drivers/extint/extint_sam_d_r_h/extint.o
                0x0000019c                extint_chan_set_config
 .text.long_division
                0x00000214       0xba src/ASF/sam0/drivers/sercom/sercom.o
 .text._sercom_get_sync_baud_val
                0x000002ce       0x28 src/ASF/sam0/drivers/sercom/sercom.o
                0x000002ce                _sercom_get_sync_baud_val
 *fill*         0x000002f6        0x2 
 .text._sercom_get_async_baud_val
                0x000002f8       0x94 src/ASF/sam0/drivers/sercom/sercom.o
                0x000002f8                _sercom_get_async_baud_val
 .text.sercom_set_gclk_generator
                0x0000038c       0x4c src/ASF/sam0/drivers/sercom/sercom.o
                0x0000038c                sercom_set_gclk_generator
 .text._sercom_get_default_pad
                0x000003d8      0x178 src/ASF/sam0/drivers/sercom/sercom.o
                0x000003d8                _sercom_get_default_pad
 .text._sercom_get_sercom_inst_index
                0x00000550       0x38 src/ASF/sam0/drivers/sercom/sercom.o
                0x00000550                _sercom_get_sercom_inst_index
 .text.usart_init
                0x00000588      0x254 src/ASF/sam0/drivers/sercom/usart/usart.o
                0x00000588                usart_init
 .text._usart_write_buffer
                0x000007dc       0x3c src/ASF/sam0/drivers/sercom/usart/usart_interrupt.o
                0x000007dc                _usart_write_buffer
 .text._usart_read_buffer
                0x00000818       0x3c src/ASF/sam0/drivers/sercom/usart/usart_interrupt.o
                0x00000818                _usart_read_buffer
 .text.usart_register_callback
                0x00000854       0x16 src/ASF/sam0/drivers/sercom/usart/usart_interrupt.o
                0x00000854                usart_register_callback
 *fill*         0x0000086a        0x2 
 .text.usart_write_buffer_job
                0x0000086c       0x20 src/ASF/sam0/drivers/sercom/usart/usart_interrupt.o
                0x0000086c                usart_write_buffer_job
 .text.usart_read_buffer_job
                0x0000088c       0x20 src/ASF/sam0/drivers/sercom/usart/usart_interrupt.o
                0x0000088c                usart_read_buffer_job
 .text._usart_interrupt_handler
                0x000008ac      0x124 src/ASF/sam0/drivers/sercom/usart/usart_interrupt.o
                0x000008ac                _usart_interrupt_handler
 .text._sercom_default_handler
                0x000009d0        0x2 src/ASF/sam0/drivers/sercom/sercom_interrupt.o
 *fill*         0x000009d2        0x2 
 .text._sercom_set_handler
                0x000009d4       0x3c src/ASF/sam0/drivers/sercom/sercom_interrupt.o
                0x000009d4                _sercom_set_handler
 .text._sercom_get_interrupt_vector
                0x00000a10       0x30 src/ASF/sam0/drivers/sercom/sercom_interrupt.o
                0x00000a10                _sercom_get_interrupt_vector
 .text.SERCOM0_Handler
                0x00000a40       0x10 src/ASF/sam0/drivers/sercom/sercom_interrupt.o
                0x00000a40                SERCOM0_Handler
 .text.SERCOM1_Handler
                0x00000a50       0x10 src/ASF/sam0/drivers/sercom/sercom_interrupt.o
                0x00000a50                SERCOM1_Handler
 .text.SERCOM2_Handler
                0x00000a60       0x10 src/ASF/sam0/drivers/sercom/sercom_interrupt.o
                0x00000a60                SERCOM2_Handler
 .text.SERCOM3_Handler
                0x00000a70       0x10 src/ASF/sam0/drivers/sercom/sercom_interrupt.o
                0x00000a70                SERCOM3_Handler
 .text.SERCOM4_Handler
                0x00000a80       0x10 src/ASF/sam0/drivers/sercom/sercom_interrupt.o
                0x00000a80                SERCOM4_Handler
 .text.SERCOM5_Handler
                0x00000a90       0x10 src/ASF/sam0/drivers/sercom/sercom_interrupt.o
                0x00000a90                SERCOM5_Handler
 .text.extint_register_callback
                0x00000aa0       0x2c src/ASF/sam0/drivers/extint/extint_callback.o
                0x00000aa0                extint_register_callback
 .text.extint_chan_enable_callback
                0x00000acc       0x20 src/ASF/sam0/drivers/extint/extint_callback.o
                0x00000acc                extint_chan_enable_callback
 .text.EIC_Handler
                0x00000aec       0x54 src/ASF/sam0/drivers/extint/extint_callback.o
                0x00000aec                EIC_Handler
 .text.delay_init
                0x00000b40       0x40 src/ASF/common2/services/delay/sam0/systick_counter.o
                0x00000b40                delay_init
 .text.delay_cycles_ms
                0x00000b80       0x2c src/ASF/common2/services/delay/sam0/systick_counter.o
                0x00000b80                delay_cycles_ms
 .text.port_pin_set_config
                0x00000bac       0x24 src/ASF/sam0/drivers/port/port.o
                0x00000bac                port_pin_set_config
 .text.usart_read_callback
                0x00000bd0        0xc src/BLE_E104BT02.o
 .text.usart_write_callback
                0x00000bdc        0x2 src/BLE_E104BT02.o
 *fill*         0x00000bde        0x2 
 .text.configureBLE_usart
                0x00000be0      0x134 src/BLE_E104BT02.o
                0x00000be0                configureBLE_usart
 .text.FP_protocol_checksum
                0x00000d14       0x20 src/FP_FPM023.o
 .text.extint_detection_callback
                0x00000d34       0x10 src/FP_FPM023.o
 .text.usart_write_callback
                0x00000d44       0x80 src/FP_FPM023.o
 .text.FPaction
                0x00000dc4      0x15c src/FP_FPM023.o
                0x00000dc4                FPaction
 .text.usart_read_callback
                0x00000f20      0x1b0 src/FP_FPM023.o
 .text.configure_FP
                0x000010d0      0x12c src/FP_FPM023.o
                0x000010d0                configure_FP
 .text.Register
                0x000011fc       0x48 src/FP_FPM023.o
                0x000011fc                Register
 .text.system_board_init
                0x00001244        0x2 src/ASF/common2/boards/user_board/init.o
                0x00001244                board_init
                0x00001244                system_board_init
 *fill*         0x00001246        0x2 
 .text.cpu_irq_enter_critical
                0x00001248       0x40 src/ASF/common/utils/interrupt/interrupt_sam_nvic.o
                0x00001248                cpu_irq_enter_critical
 .text.cpu_irq_leave_critical
                0x00001288       0x30 src/ASF/common/utils/interrupt/interrupt_sam_nvic.o
                0x00001288                cpu_irq_leave_critical
 .text.system_clock_source_get_hz
                0x000012b8       0x7c src/ASF/sam0/drivers/system/clock/clock_samd20/clock.o
                0x000012b8                system_clock_source_get_hz
 .text.system_clock_source_osc8m_set_config
                0x00001334       0x3c src/ASF/sam0/drivers/system/clock/clock_samd20/clock.o
                0x00001334                system_clock_source_osc8m_set_config
 .text.system_clock_source_enable
                0x00001370       0x90 src/ASF/sam0/drivers/system/clock/clock_samd20/clock.o
                0x00001370                system_clock_source_enable
 .text.system_clock_init
                0x00001400       0x98 src/ASF/sam0/drivers/system/clock/clock_samd20/clock.o
                0x00001400                system_clock_init
 .text.system_gclk_init
                0x00001498       0x24 src/ASF/sam0/drivers/system/clock/clock_samd20/gclk.o
                0x00001498                system_gclk_init
 .text.system_gclk_gen_set_config
                0x000014bc       0xb8 src/ASF/sam0/drivers/system/clock/clock_samd20/gclk.o
                0x000014bc                system_gclk_gen_set_config
 .text.system_gclk_gen_enable
                0x00001574       0x44 src/ASF/sam0/drivers/system/clock/clock_samd20/gclk.o
                0x00001574                system_gclk_gen_enable
 .text.system_gclk_gen_get_hz
                0x000015b8       0x8c src/ASF/sam0/drivers/system/clock/clock_samd20/gclk.o
                0x000015b8                system_gclk_gen_get_hz
 .text.system_gclk_chan_enable
                0x00001644       0x30 src/ASF/sam0/drivers/system/clock/clock_samd20/gclk.o
                0x00001644                system_gclk_chan_enable
 .text.system_gclk_chan_disable
                0x00001674       0x5c src/ASF/sam0/drivers/system/clock/clock_samd20/gclk.o
                0x00001674                system_gclk_chan_disable
 .text.system_gclk_chan_set_config
                0x000016d0       0x1c src/ASF/sam0/drivers/system/clock/clock_samd20/gclk.o
                0x000016d0                system_gclk_chan_set_config
 .text.system_gclk_chan_get_hz
                0x000016ec       0x34 src/ASF/sam0/drivers/system/clock/clock_samd20/gclk.o
                0x000016ec                system_gclk_chan_get_hz
 .text._system_pinmux_config
                0x00001720       0xa8 src/ASF/sam0/drivers/system/pinmux/pinmux.o
 .text.system_pinmux_pin_set_config
                0x000017c8       0x30 src/ASF/sam0/drivers/system/pinmux/pinmux.o
                0x000017c8                system_pinmux_pin_set_config
 .text._system_dummy_init
                0x000017f8        0x2 src/ASF/sam0/drivers/system/system.o
                0x000017f8                _system_events_init
                0x000017f8                _system_dummy_init
                0x000017f8                _system_divas_init
 *fill*         0x000017fa        0x2 
 .text.system_init
                0x000017fc       0x2c src/ASF/sam0/drivers/system/system.o
                0x000017fc                system_init
 .text.Dummy_Handler
                0x00001828        0x2 src/ASF/sam0/utils/cmsis/samd20/source/gcc/startup_samd20.o
                0x00001828                HardFault_Handler
                0x00001828                TC2_Handler
                0x00001828                AC_Handler
                0x00001828                SysTick_Handler
                0x00001828                PendSV_Handler
                0x00001828                NMI_Handler
                0x00001828                TC7_Handler
                0x00001828                ADC_Handler
                0x00001828                RTC_Handler
                0x00001828                TC6_Handler
                0x00001828                WDT_Handler
                0x00001828                TC4_Handler
                0x00001828                TC1_Handler
                0x00001828                TC3_Handler
                0x00001828                Dummy_Handler
                0x00001828                PM_Handler
                0x00001828                SVC_Handler
                0x00001828                EVSYS_Handler
                0x00001828                NVMCTRL_Handler
                0x00001828                DAC_Handler
                0x00001828                PTC_Handler
                0x00001828                TC0_Handler
                0x00001828                TC5_Handler
                0x00001828                SYSCTRL_Handler
 *fill*         0x0000182a        0x2 
 .text.Reset_Handler
                0x0000182c       0x98 src/ASF/sam0/utils/cmsis/samd20/source/gcc/startup_samd20.o
                0x0000182c                Reset_Handler
 .text.LedInit  0x000018c4       0x2c src/main.o
                0x000018c4                LedInit
 .text.main     0x000018f0       0x40 src/main.o
                0x000018f0                main
 .text          0x00001930      0x114 d:/atmel/7.0/toolchain/arm/arm-gnu-toolchain/bin/../lib/gcc/arm-none-eabi/6.3.1/thumb/v6-m\libgcc.a(_udivsi3.o)
                0x00001930                __aeabi_uidiv
                0x00001930                __udivsi3
                0x00001a3c                __aeabi_uidivmod
 .text          0x00001a44        0x4 d:/atmel/7.0/toolchain/arm/arm-gnu-toolchain/bin/../lib/gcc/arm-none-eabi/6.3.1/thumb/v6-m\libgcc.a(_dvmd_tls.o)
                0x00001a44                __aeabi_idiv0
                0x00001a44                __aeabi_ldiv0
 .text          0x00001a48       0x54 d:/atmel/7.0/toolchain/arm/arm-gnu-toolchain/bin/../lib/gcc/arm-none-eabi/6.3.1/thumb/v6-m\libgcc.a(_muldi3.o)
                0x00001a48                __muldi3
                0x00001a48                __aeabi_lmul
 .text.__libc_init_array
                0x00001a9c       0x48 d:/atmel/7.0/toolchain/arm/arm-gnu-toolchain/bin/../lib/gcc/arm-none-eabi/6.3.1/../../../../arm-none-eabi/lib/thumb/v6-m\libc_nano.a(lib_a-init.o)
                0x00001a9c                __libc_init_array
 *(.glue_7t)
 .glue_7t       0x00001ae4        0x0 linker stubs
 *(.glue_7)
 .glue_7        0x00001ae4        0x0 linker stubs
 *(.rodata .rodata* .gnu.linkonce.r.*)
 .rodata        0x00001ae4       0x18 src/ASF/sam0/drivers/sercom/sercom.o
 .rodata.usart_write_callback
                0x00001afc       0x48 src/FP_FPM023.o
 .rodata.FPaction
                0x00001b44       0x48 src/FP_FPM023.o
 .rodata.usart_read_callback
                0x00001b8c       0x4c src/FP_FPM023.o
 .rodata.system_clock_source_get_hz
                0x00001bd8       0x20 src/ASF/sam0/drivers/system/clock/clock_samd20/clock.o
 .rodata.system_clock_source_enable
                0x00001bf8       0x20 src/ASF/sam0/drivers/system/clock/clock_samd20/clock.o
 *(.ARM.extab* .gnu.linkonce.armextab.*)
                0x00001c18                . = ALIGN (0x4)
 *(.init)
 .init          0x00001c18        0x4 d:/atmel/7.0/toolchain/arm/arm-gnu-toolchain/bin/../lib/gcc/arm-none-eabi/6.3.1/thumb/v6-m/crti.o
                0x00001c18                _init
 .init          0x00001c1c        0x8 d:/atmel/7.0/toolchain/arm/arm-gnu-toolchain/bin/../lib/gcc/arm-none-eabi/6.3.1/thumb/v6-m/crtn.o
                0x00001c24                . = ALIGN (0x4)
                0x00001c24                __preinit_array_start = .
 *(.preinit_array)
                0x00001c24                __preinit_array_end = .
                0x00001c24                . = ALIGN (0x4)
                0x00001c24                __init_array_start = .
 *(SORT(.init_array.*))
 *(.init_array)
 .init_array    0x00001c24        0x4 d:/atmel/7.0/toolchain/arm/arm-gnu-toolchain/bin/../lib/gcc/arm-none-eabi/6.3.1/thumb/v6-m/crtbegin.o
                0x00001c28                __init_array_end = .
                0x00001c28                . = ALIGN (0x4)
 *crtbegin.o(.ctors)
 *(EXCLUDE_FILE(*crtend.o) .ctors)
 *(SORT(.ctors.*))
 *crtend.o(.ctors)
                0x00001c28                . = ALIGN (0x4)
 *(.fini)
 .fini          0x00001c28        0x4 d:/atmel/7.0/toolchain/arm/arm-gnu-toolchain/bin/../lib/gcc/arm-none-eabi/6.3.1/thumb/v6-m/crti.o
                0x00001c28                _fini
 .fini          0x00001c2c        0x8 d:/atmel/7.0/toolchain/arm/arm-gnu-toolchain/bin/../lib/gcc/arm-none-eabi/6.3.1/thumb/v6-m/crtn.o
                0x00001c34                . = ALIGN (0x4)
                0x00001c34                __fini_array_start = .
 *(.fini_array)
 .fini_array    0x00001c34        0x4 d:/atmel/7.0/toolchain/arm/arm-gnu-toolchain/bin/../lib/gcc/arm-none-eabi/6.3.1/thumb/v6-m/crtbegin.o
 *(SORT(.fini_array.*))
                0x00001c38                __fini_array_end = .
 *crtbegin.o(.dtors)
 *(EXCLUDE_FILE(*crtend.o) .dtors)
 *(SORT(.dtors.*))
 *crtend.o(.dtors)
                0x00001c38                . = ALIGN (0x4)
                0x00001c38                _efixed = .
                [!provide]                PROVIDE (__exidx_start, .)

.vfp11_veneer   0x00001c38        0x0
 .vfp11_veneer  0x00001c38        0x0 linker stubs

.v4_bx          0x00001c38        0x0
 .v4_bx         0x00001c38        0x0 linker stubs

.iplt           0x00001c38        0x0
 .iplt          0x00001c38        0x0 d:/atmel/7.0/toolchain/arm/arm-gnu-toolchain/bin/../lib/gcc/arm-none-eabi/6.3.1/thumb/v6-m/crtbegin.o

.eh_frame       0x00001c38        0x0
 .eh_frame      0x00001c38        0x0 d:/atmel/7.0/toolchain/arm/arm-gnu-toolchain/bin/../lib/gcc/arm-none-eabi/6.3.1/thumb/v6-m/crtbegin.o

.rel.dyn        0x00001c38        0x0
 .rel.iplt      0x00001c38        0x0 d:/atmel/7.0/toolchain/arm/arm-gnu-toolchain/bin/../lib/gcc/arm-none-eabi/6.3.1/thumb/v6-m/crtbegin.o

.jcr            0x00001c38        0x0
 .jcr           0x00001c38        0x0 d:/atmel/7.0/toolchain/arm/arm-gnu-toolchain/bin/../lib/gcc/arm-none-eabi/6.3.1/thumb/v6-m/crtbegin.o

.igot.plt       0x00001c38        0x0
 .igot.plt      0x00001c38        0x0 d:/atmel/7.0/toolchain/arm/arm-gnu-toolchain/bin/../lib/gcc/arm-none-eabi/6.3.1/thumb/v6-m/crtbegin.o

.ARM.exidx
 *(.ARM.exidx* .gnu.linkonce.armexidx.*)
                [!provide]                PROVIDE (__exidx_end, .)
                0x00001c38                . = ALIGN (0x4)
                0x00001c38                _etext = .

.relocate       0x20000000       0x38 load address 0x00001c38
                0x20000000                . = ALIGN (0x4)
                0x20000000                _srelocate = .
 *(.ramfunc .ramfunc.*)
 *(.data .data.*)
 .data.cycles_per_ms
                0x20000000        0x4 src/ASF/common2/services/delay/sam0/systick_counter.o
 .data.cycles_per_us
                0x20000004        0x4 src/ASF/common2/services/delay/sam0/systick_counter.o
 .data.REG_IDX  0x20000008        0x1 src/FP_FPM023.o
                0x20000008                REG_IDX
 *fill*         0x20000009        0x3 
 .data.finger_transmitbuff
                0x2000000c       0x28 src/FP_FPM023.o
                0x2000000c                finger_transmitbuff
 .data.g_interrupt_enabled
                0x20000034        0x1 src/ASF/common/utils/interrupt/interrupt_sam_nvic.o
                0x20000034                g_interrupt_enabled
                0x20000038                . = ALIGN (0x4)
 *fill*         0x20000035        0x3 
                0x20000038                _erelocate = .

.bss            0x20000038      0x130 load address 0x00001c70
                0x20000038                . = ALIGN (0x4)
                0x20000038                _sbss = .
                0x20000038                _szero = .
 *(.bss .bss.*)
 .bss           0x20000038       0x1c d:/atmel/7.0/toolchain/arm/arm-gnu-toolchain/bin/../lib/gcc/arm-none-eabi/6.3.1/thumb/v6-m/crtbegin.o
 .bss._sercom_config
                0x20000054        0x2 src/ASF/sam0/drivers/sercom/sercom.o
 .bss._handler_table_initialized
                0x20000056        0x1 src/ASF/sam0/drivers/sercom/sercom_interrupt.o
 *fill*         0x20000057        0x1 
 .bss._sercom_interrupt_handlers
                0x20000058       0x18 src/ASF/sam0/drivers/sercom/sercom_interrupt.o
 .bss.PROC      0x20000070        0x4 src/FP_FPM023.o
                0x20000070                PROC
 .bss.cpu_irq_critical_section_counter
                0x20000074        0x4 src/ASF/common/utils/interrupt/interrupt_sam_nvic.o
 .bss.cpu_irq_prev_interrupt_state
                0x20000078        0x1 src/ASF/common/utils/interrupt/interrupt_sam_nvic.o
 *fill*         0x20000079        0x3 
 .bss._system_clock_inst
                0x2000007c       0x14 src/ASF/sam0/drivers/system/clock/clock_samd20/clock.o
 *(COMMON)
 COMMON         0x20000090       0x40 src/ASF/sam0/drivers/extint/extint_sam_d_r_h/extint.o
                0x20000090                _extint_dev
 COMMON         0x200000d0       0x18 src/ASF/sam0/drivers/sercom/sercom_interrupt.o
                0x200000d0                _sercom_instances
 COMMON         0x200000e8        0x1 src/ASF/sam0/drivers/extint/extint_callback.o
                0x200000e8                _current_channel
 *fill*         0x200000e9        0x3 
 COMMON         0x200000ec       0x79 src/BLE_E104BT02.o
                0x200000ec                finger_rx_buffer
                0x20000108                usart_finger_instance
                0x2000012c                usart_ble_instance
                0x20000150                ble_rx_buffer
 COMMON         0x20000165        0x1 src/FP_FPM023.o
                0x20000165                FPaction_Flag
                0x20000168                . = ALIGN (0x4)
 *fill*         0x20000166        0x2 
                0x20000168                _ebss = .
                0x20000168                _ezero = .

.stack          0x20000168     0x2000 load address 0x00001da0
                0x20000168                . = ALIGN (0x8)
                0x20000168                _sstack = .
                0x20002168                . = (. + STACK_SIZE)
 *fill*         0x20000168     0x2000 
                0x20002168                . = ALIGN (0x8)
                0x20002168                _estack = .
                0x20002168                . = ALIGN (0x4)
                0x20002168                _end = .
OUTPUT(HAUT_FPMODE.elf elf32-littlearm)

.ARM.attributes
                0x00000000       0x28
 .ARM.attributes
                0x00000000       0x1e d:/atmel/7.0/toolchain/arm/arm-gnu-toolchain/bin/../lib/gcc/arm-none-eabi/6.3.1/thumb/v6-m/crti.o
 .ARM.attributes
                0x0000001e       0x2c d:/atmel/7.0/toolchain/arm/arm-gnu-toolchain/bin/../lib/gcc/arm-none-eabi/6.3.1/thumb/v6-m/crtbegin.o
 .ARM.attributes
                0x0000004a       0x32 src/ASF/sam0/drivers/extint/extint_sam_d_r_h/extint.o
 .ARM.attributes
                0x0000007c       0x32 src/ASF/sam0/drivers/sercom/sercom.o
 .ARM.attributes
                0x000000ae       0x32 src/ASF/sam0/drivers/sercom/usart/usart.o
 .ARM.attributes
                0x000000e0       0x32 src/ASF/sam0/drivers/sercom/usart/usart_interrupt.o
 .ARM.attributes
                0x00000112       0x32 src/ASF/sam0/drivers/sercom/sercom_interrupt.o
 .ARM.attributes
                0x00000144       0x32 src/ASF/sam0/drivers/extint/extint_callback.o
 .ARM.attributes
                0x00000176       0x32 src/ASF/common2/services/delay/sam0/systick_counter.o
 .ARM.attributes
                0x000001a8       0x32 src/ASF/sam0/drivers/port/port.o
 .ARM.attributes
                0x000001da       0x32 src/BLE_E104BT02.o
 .ARM.attributes
                0x0000020c       0x32 src/FP_FPM023.o
 .ARM.attributes
                0x0000023e       0x32 src/ASF/common2/boards/user_board/init.o
 .ARM.attributes
                0x00000270       0x32 src/ASF/common/utils/interrupt/interrupt_sam_nvic.o
 .ARM.attributes
                0x000002a2       0x32 src/ASF/sam0/drivers/system/clock/clock_samd20/clock.o
 .ARM.attributes
                0x000002d4       0x32 src/ASF/sam0/drivers/system/clock/clock_samd20/gclk.o
 .ARM.attributes
                0x00000306       0x32 src/ASF/sam0/drivers/system/pinmux/pinmux.o
 .ARM.attributes
                0x00000338       0x32 src/ASF/sam0/drivers/system/system.o
 .ARM.attributes
                0x0000036a       0x32 src/ASF/sam0/utils/cmsis/samd20/source/gcc/startup_samd20.o
 .ARM.attributes
                0x0000039c       0x32 src/main.o
 .ARM.attributes
                0x000003ce       0x1e d:/atmel/7.0/toolchain/arm/arm-gnu-toolchain/bin/../lib/gcc/arm-none-eabi/6.3.1/thumb/v6-m\libgcc.a(_udivsi3.o)
 .ARM.attributes
                0x000003ec       0x1e d:/atmel/7.0/toolchain/arm/arm-gnu-toolchain/bin/../lib/gcc/arm-none-eabi/6.3.1/thumb/v6-m\libgcc.a(_dvmd_tls.o)
 .ARM.attributes
                0x0000040a       0x2c d:/atmel/7.0/toolchain/arm/arm-gnu-toolchain/bin/../lib/gcc/arm-none-eabi/6.3.1/thumb/v6-m\libgcc.a(_muldi3.o)
 .ARM.attributes
                0x00000436       0x2c d:/atmel/7.0/toolchain/arm/arm-gnu-toolchain/bin/../lib/gcc/arm-none-eabi/6.3.1/../../../../arm-none-eabi/lib/thumb/v6-m\libc_nano.a(lib_a-init.o)
 .ARM.attributes
                0x00000462       0x1e d:/atmel/7.0/toolchain/arm/arm-gnu-toolchain/bin/../lib/gcc/arm-none-eabi/6.3.1/thumb/v6-m/crtn.o

.comment        0x00000000       0x59
 .comment       0x00000000       0x59 src/ASF/sam0/drivers/extint/extint_sam_d_r_h/extint.o
                                 0x5a (size before relaxing)
 .comment       0x00000059       0x5a src/ASF/sam0/drivers/sercom/sercom.o
 .comment       0x00000059       0x5a src/ASF/sam0/drivers/sercom/usart/usart.o
 .comment       0x00000059       0x5a src/ASF/sam0/drivers/sercom/usart/usart_interrupt.o
 .comment       0x00000059       0x5a src/ASF/sam0/drivers/sercom/sercom_interrupt.o
 .comment       0x00000059       0x5a src/ASF/sam0/drivers/extint/extint_callback.o
 .comment       0x00000059       0x5a src/ASF/common2/services/delay/sam0/systick_counter.o
 .comment       0x00000059       0x5a src/ASF/sam0/drivers/port/port.o
 .comment       0x00000059       0x5a src/BLE_E104BT02.o
 .comment       0x00000059       0x5a src/FP_FPM023.o
 .comment       0x00000059       0x5a src/ASF/common2/boards/user_board/init.o
 .comment       0x00000059       0x5a src/ASF/common/utils/interrupt/interrupt_sam_nvic.o
 .comment       0x00000059       0x5a src/ASF/sam0/drivers/system/clock/clock_samd20/clock.o
 .comment       0x00000059       0x5a src/ASF/sam0/drivers/system/clock/clock_samd20/gclk.o
 .comment       0x00000059       0x5a src/ASF/sam0/drivers/system/pinmux/pinmux.o
 .comment       0x00000059       0x5a src/ASF/sam0/drivers/system/system.o
 .comment       0x00000059       0x5a src/ASF/sam0/utils/cmsis/samd20/source/gcc/startup_samd20.o
 .comment       0x00000059       0x5a src/main.o

.debug_info     0x00000000    0x26bca
 .debug_info    0x00000000     0x2a14 src/ASF/sam0/drivers/extint/extint_sam_d_r_h/extint.o
 .debug_info    0x00002a14     0x2668 src/ASF/sam0/drivers/sercom/sercom.o
 .debug_info    0x0000507c     0x42b7 src/ASF/sam0/drivers/sercom/usart/usart.o
 .debug_info    0x00009333     0x2887 src/ASF/sam0/drivers/sercom/usart/usart_interrupt.o
 .debug_info    0x0000bbba     0x245c src/ASF/sam0/drivers/sercom/sercom_interrupt.o
 .debug_info    0x0000e016     0x199d src/ASF/sam0/drivers/extint/extint_callback.o
 .debug_info    0x0000f9b3      0xb8d src/ASF/common2/services/delay/sam0/systick_counter.o
 .debug_info    0x00010540     0x12b8 src/ASF/sam0/drivers/port/port.o
 .debug_info    0x000117f8     0x37d7 src/BLE_E104BT02.o
 .debug_info    0x00014fcf     0x3c5b src/FP_FPM023.o
 .debug_info    0x00018c2a     0x249c src/ASF/common2/boards/user_board/init.o
 .debug_info    0x0001b0c6      0xb07 src/ASF/common/utils/interrupt/interrupt_sam_nvic.o
 .debug_info    0x0001bbcd     0x3cea src/ASF/sam0/drivers/system/clock/clock_samd20/clock.o
 .debug_info    0x0001f8b7     0x1de8 src/ASF/sam0/drivers/system/clock/clock_samd20/gclk.o
 .debug_info    0x0002169f     0x1376 src/ASF/sam0/drivers/system/pinmux/pinmux.o
 .debug_info    0x00022a15      0xa73 src/ASF/sam0/drivers/system/system.o
 .debug_info    0x00023488      0x9c9 src/ASF/sam0/utils/cmsis/samd20/source/gcc/startup_samd20.o
 .debug_info    0x00023e51     0x2d79 src/main.o

.debug_abbrev   0x00000000     0x3bbb
 .debug_abbrev  0x00000000      0x4a7 src/ASF/sam0/drivers/extint/extint_sam_d_r_h/extint.o
 .debug_abbrev  0x000004a7      0x378 src/ASF/sam0/drivers/sercom/sercom.o
 .debug_abbrev  0x0000081f      0x480 src/ASF/sam0/drivers/sercom/usart/usart.o
 .debug_abbrev  0x00000c9f      0x416 src/ASF/sam0/drivers/sercom/usart/usart_interrupt.o
 .debug_abbrev  0x000010b5      0x2d8 src/ASF/sam0/drivers/sercom/sercom_interrupt.o
 .debug_abbrev  0x0000138d      0x333 src/ASF/sam0/drivers/extint/extint_callback.o
 .debug_abbrev  0x000016c0      0x24b src/ASF/common2/services/delay/sam0/systick_counter.o
 .debug_abbrev  0x0000190b      0x298 src/ASF/sam0/drivers/port/port.o
 .debug_abbrev  0x00001ba3      0x433 src/BLE_E104BT02.o
 .debug_abbrev  0x00001fd6      0x48a src/FP_FPM023.o
 .debug_abbrev  0x00002460      0x251 src/ASF/common2/boards/user_board/init.o
 .debug_abbrev  0x000026b1      0x22c src/ASF/common/utils/interrupt/interrupt_sam_nvic.o
 .debug_abbrev  0x000028dd      0x4a1 src/ASF/sam0/drivers/system/clock/clock_samd20/clock.o
 .debug_abbrev  0x00002d7e      0x3f1 src/ASF/sam0/drivers/system/clock/clock_samd20/gclk.o
 .debug_abbrev  0x0000316f      0x332 src/ASF/sam0/drivers/system/pinmux/pinmux.o
 .debug_abbrev  0x000034a1      0x1e1 src/ASF/sam0/drivers/system/system.o
 .debug_abbrev  0x00003682      0x1e4 src/ASF/sam0/utils/cmsis/samd20/source/gcc/startup_samd20.o
 .debug_abbrev  0x00003866      0x355 src/main.o

.debug_loc      0x00000000     0x45c6
 .debug_loc     0x00000000      0x43d src/ASF/sam0/drivers/extint/extint_sam_d_r_h/extint.o
 .debug_loc     0x0000043d      0x9d5 src/ASF/sam0/drivers/sercom/sercom.o
 .debug_loc     0x00000e12      0xc56 src/ASF/sam0/drivers/sercom/usart/usart.o
 .debug_loc     0x00001a68      0x6b6 src/ASF/sam0/drivers/sercom/usart/usart_interrupt.o
 .debug_loc     0x0000211e      0x161 src/ASF/sam0/drivers/sercom/sercom_interrupt.o
 .debug_loc     0x0000227f      0x2ac src/ASF/sam0/drivers/extint/extint_callback.o
 .debug_loc     0x0000252b       0xe4 src/ASF/common2/services/delay/sam0/systick_counter.o
 .debug_loc     0x0000260f      0x13d src/ASF/sam0/drivers/port/port.o
 .debug_loc     0x0000274c      0x260 src/BLE_E104BT02.o
 .debug_loc     0x000029ac      0x493 src/FP_FPM023.o
 .debug_loc     0x00002e3f      0xe56 src/ASF/sam0/drivers/system/clock/clock_samd20/clock.o
 .debug_loc     0x00003c95      0x504 src/ASF/sam0/drivers/system/clock/clock_samd20/gclk.o
 .debug_loc     0x00004199      0x322 src/ASF/sam0/drivers/system/pinmux/pinmux.o
 .debug_loc     0x000044bb       0x20 src/ASF/sam0/drivers/system/system.o
 .debug_loc     0x000044db       0x40 src/ASF/sam0/utils/cmsis/samd20/source/gcc/startup_samd20.o
 .debug_loc     0x0000451b       0xab src/main.o

.debug_aranges  0x00000000      0x4e0
 .debug_aranges
                0x00000000       0x50 src/ASF/sam0/drivers/extint/extint_sam_d_r_h/extint.o
 .debug_aranges
                0x00000050       0x48 src/ASF/sam0/drivers/sercom/sercom.o
 .debug_aranges
                0x00000098       0x40 src/ASF/sam0/drivers/sercom/usart/usart.o
 .debug_aranges
                0x000000d8       0x70 src/ASF/sam0/drivers/sercom/usart/usart_interrupt.o
 .debug_aranges
                0x00000148       0x60 src/ASF/sam0/drivers/sercom/sercom_interrupt.o
 .debug_aranges
                0x000001a8       0x48 src/ASF/sam0/drivers/extint/extint_callback.o
 .debug_aranges
                0x000001f0       0x30 src/ASF/common2/services/delay/sam0/systick_counter.o
 .debug_aranges
                0x00000220       0x28 src/ASF/sam0/drivers/port/port.o
 .debug_aranges
                0x00000248       0x58 src/BLE_E104BT02.o
 .debug_aranges
                0x000002a0       0x58 src/FP_FPM023.o
 .debug_aranges
                0x000002f8       0x20 src/ASF/common2/boards/user_board/init.o
 .debug_aranges
                0x00000318       0x28 src/ASF/common/utils/interrupt/interrupt_sam_nvic.o
 .debug_aranges
                0x00000340       0x70 src/ASF/sam0/drivers/system/clock/clock_samd20/clock.o
 .debug_aranges
                0x000003b0       0x80 src/ASF/sam0/drivers/system/clock/clock_samd20/gclk.o
 .debug_aranges
                0x00000430       0x38 src/ASF/sam0/drivers/system/pinmux/pinmux.o
 .debug_aranges
                0x00000468       0x28 src/ASF/sam0/drivers/system/system.o
 .debug_aranges
                0x00000490       0x28 src/ASF/sam0/utils/cmsis/samd20/source/gcc/startup_samd20.o
 .debug_aranges
                0x000004b8       0x28 src/main.o

.debug_ranges   0x00000000      0x548
 .debug_ranges  0x00000000       0x40 src/ASF/sam0/drivers/extint/extint_sam_d_r_h/extint.o
 .debug_ranges  0x00000040       0x50 src/ASF/sam0/drivers/sercom/sercom.o
 .debug_ranges  0x00000090      0x100 src/ASF/sam0/drivers/sercom/usart/usart.o
 .debug_ranges  0x00000190       0x60 src/ASF/sam0/drivers/sercom/usart/usart_interrupt.o
 .debug_ranges  0x000001f0       0x50 src/ASF/sam0/drivers/sercom/sercom_interrupt.o
 .debug_ranges  0x00000240       0x90 src/ASF/sam0/drivers/extint/extint_callback.o
 .debug_ranges  0x000002d0       0x50 src/ASF/common2/services/delay/sam0/systick_counter.o
 .debug_ranges  0x00000320       0x18 src/ASF/sam0/drivers/port/port.o
 .debug_ranges  0x00000338       0x48 src/BLE_E104BT02.o
 .debug_ranges  0x00000380       0x48 src/FP_FPM023.o
 .debug_ranges  0x000003c8       0x10 src/ASF/common2/boards/user_board/init.o
 .debug_ranges  0x000003d8       0x18 src/ASF/common/utils/interrupt/interrupt_sam_nvic.o
 .debug_ranges  0x000003f0       0x60 src/ASF/sam0/drivers/system/clock/clock_samd20/clock.o
 .debug_ranges  0x00000450       0x88 src/ASF/sam0/drivers/system/clock/clock_samd20/gclk.o
 .debug_ranges  0x000004d8       0x28 src/ASF/sam0/drivers/system/pinmux/pinmux.o
 .debug_ranges  0x00000500       0x18 src/ASF/sam0/drivers/system/system.o
 .debug_ranges  0x00000518       0x18 src/ASF/sam0/utils/cmsis/samd20/source/gcc/startup_samd20.o
 .debug_ranges  0x00000530       0x18 src/main.o

.debug_macro    0x00000000    0x13b59
 .debug_macro   0x00000000      0x524 src/ASF/sam0/drivers/extint/extint_sam_d_r_h/extint.o
 .debug_macro   0x00000524      0x8bc src/ASF/sam0/drivers/extint/extint_sam_d_r_h/extint.o
 .debug_macro   0x00000de0      0x16d src/ASF/sam0/drivers/extint/extint_sam_d_r_h/extint.o
 .debug_macro   0x00000f4d      0x64b src/ASF/sam0/drivers/extint/extint_sam_d_r_h/extint.o
 .debug_macro   0x00001598       0x22 src/ASF/sam0/drivers/extint/extint_sam_d_r_h/extint.o
 .debug_macro   0x000015ba       0x87 src/ASF/sam0/drivers/extint/extint_sam_d_r_h/extint.o
 .debug_macro   0x00001641       0x51 src/ASF/sam0/drivers/extint/extint_sam_d_r_h/extint.o
 .debug_macro   0x00001692       0xef src/ASF/sam0/drivers/extint/extint_sam_d_r_h/extint.o
 .debug_macro   0x00001781       0x6a src/ASF/sam0/drivers/extint/extint_sam_d_r_h/extint.o
 .debug_macro   0x000017eb      0x1df src/ASF/sam0/drivers/extint/extint_sam_d_r_h/extint.o
 .debug_macro   0x000019ca       0x10 src/ASF/sam0/drivers/extint/extint_sam_d_r_h/extint.o
 .debug_macro   0x000019da       0x76 src/ASF/sam0/drivers/extint/extint_sam_d_r_h/extint.o
 .debug_macro   0x00001a50       0x16 src/ASF/sam0/drivers/extint/extint_sam_d_r_h/extint.o
 .debug_macro   0x00001a66      0x6e5 src/ASF/sam0/drivers/extint/extint_sam_d_r_h/extint.o
 .debug_macro   0x0000214b      0xde2 src/ASF/sam0/drivers/extint/extint_sam_d_r_h/extint.o
 .debug_macro   0x00002f2d       0x22 src/ASF/sam0/drivers/extint/extint_sam_d_r_h/extint.o
 .debug_macro   0x00002f4f       0x40 src/ASF/sam0/drivers/extint/extint_sam_d_r_h/extint.o
 .debug_macro   0x00002f8f       0x3a src/ASF/sam0/drivers/extint/extint_sam_d_r_h/extint.o
 .debug_macro   0x00002fc9       0x1f src/ASF/sam0/drivers/extint/extint_sam_d_r_h/extint.o
 .debug_macro   0x00002fe8      0x250 src/ASF/sam0/drivers/extint/extint_sam_d_r_h/extint.o
 .debug_macro   0x00003238      0x682 src/ASF/sam0/drivers/extint/extint_sam_d_r_h/extint.o
 .debug_macro   0x000038ba      0x8c1 src/ASF/sam0/drivers/extint/extint_sam_d_r_h/extint.o
 .debug_macro   0x0000417b      0x229 src/ASF/sam0/drivers/extint/extint_sam_d_r_h/extint.o
 .debug_macro   0x000043a4      0x5bf src/ASF/sam0/drivers/extint/extint_sam_d_r_h/extint.o
 .debug_macro   0x00004963      0x9fb src/ASF/sam0/drivers/extint/extint_sam_d_r_h/extint.o
 .debug_macro   0x0000535e      0x5b8 src/ASF/sam0/drivers/extint/extint_sam_d_r_h/extint.o
 .debug_macro   0x00005916      0x4b6 src/ASF/sam0/drivers/extint/extint_sam_d_r_h/extint.o
 .debug_macro   0x00005dcc      0x74c src/ASF/sam0/drivers/extint/extint_sam_d_r_h/extint.o
 .debug_macro   0x00006518       0x5e src/ASF/sam0/drivers/extint/extint_sam_d_r_h/extint.o
 .debug_macro   0x00006576      0x5e2 src/ASF/sam0/drivers/extint/extint_sam_d_r_h/extint.o
 .debug_macro   0x00006b58      0x3b8 src/ASF/sam0/drivers/extint/extint_sam_d_r_h/extint.o
 .debug_macro   0x00006f10      0xc55 src/ASF/sam0/drivers/extint/extint_sam_d_r_h/extint.o
 .debug_macro   0x00007b65      0xd29 src/ASF/sam0/drivers/extint/extint_sam_d_r_h/extint.o
 .debug_macro   0x0000888e      0x7b8 src/ASF/sam0/drivers/extint/extint_sam_d_r_h/extint.o
 .debug_macro   0x00009046      0x6c2 src/ASF/sam0/drivers/extint/extint_sam_d_r_h/extint.o
 .debug_macro   0x00009708      0x351 src/ASF/sam0/drivers/extint/extint_sam_d_r_h/extint.o
 .debug_macro   0x00009a59       0x7c src/ASF/sam0/drivers/extint/extint_sam_d_r_h/extint.o
 .debug_macro   0x00009ad5       0x9a src/ASF/sam0/drivers/extint/extint_sam_d_r_h/extint.o
 .debug_macro   0x00009b6f       0x46 src/ASF/sam0/drivers/extint/extint_sam_d_r_h/extint.o
 .debug_macro   0x00009bb5       0xb2 src/ASF/sam0/drivers/extint/extint_sam_d_r_h/extint.o
 .debug_macro   0x00009c67       0x6a src/ASF/sam0/drivers/extint/extint_sam_d_r_h/extint.o
 .debug_macro   0x00009cd1      0x287 src/ASF/sam0/drivers/extint/extint_sam_d_r_h/extint.o
 .debug_macro   0x00009f58       0x82 src/ASF/sam0/drivers/extint/extint_sam_d_r_h/extint.o
 .debug_macro   0x00009fda       0xb8 src/ASF/sam0/drivers/extint/extint_sam_d_r_h/extint.o
 .debug_macro   0x0000a092       0x1c src/ASF/sam0/drivers/extint/extint_sam_d_r_h/extint.o
 .debug_macro   0x0000a0ae       0x1c src/ASF/sam0/drivers/extint/extint_sam_d_r_h/extint.o
 .debug_macro   0x0000a0ca       0x1c src/ASF/sam0/drivers/extint/extint_sam_d_r_h/extint.o
 .debug_macro   0x0000a0e6       0x82 src/ASF/sam0/drivers/extint/extint_sam_d_r_h/extint.o
 .debug_macro   0x0000a168      0x164 src/ASF/sam0/drivers/extint/extint_sam_d_r_h/extint.o
 .debug_macro   0x0000a2cc       0xdc src/ASF/sam0/drivers/extint/extint_sam_d_r_h/extint.o
 .debug_macro   0x0000a3a8      0x104 src/ASF/sam0/drivers/extint/extint_sam_d_r_h/extint.o
 .debug_macro   0x0000a4ac      0x104 src/ASF/sam0/drivers/extint/extint_sam_d_r_h/extint.o
 .debug_macro   0x0000a5b0      0x104 src/ASF/sam0/drivers/extint/extint_sam_d_r_h/extint.o
 .debug_macro   0x0000a6b4      0x104 src/ASF/sam0/drivers/extint/extint_sam_d_r_h/extint.o
 .debug_macro   0x0000a7b8      0x104 src/ASF/sam0/drivers/extint/extint_sam_d_r_h/extint.o
 .debug_macro   0x0000a8bc      0x104 src/ASF/sam0/drivers/extint/extint_sam_d_r_h/extint.o
 .debug_macro   0x0000a9c0       0xfa src/ASF/sam0/drivers/extint/extint_sam_d_r_h/extint.o
 .debug_macro   0x0000aaba       0xbe src/ASF/sam0/drivers/extint/extint_sam_d_r_h/extint.o
 .debug_macro   0x0000ab78       0xbe src/ASF/sam0/drivers/extint/extint_sam_d_r_h/extint.o
 .debug_macro   0x0000ac36       0xbe src/ASF/sam0/drivers/extint/extint_sam_d_r_h/extint.o
 .debug_macro   0x0000acf4       0xbe src/ASF/sam0/drivers/extint/extint_sam_d_r_h/extint.o
 .debug_macro   0x0000adb2       0xbe src/ASF/sam0/drivers/extint/extint_sam_d_r_h/extint.o
 .debug_macro   0x0000ae70       0xbe src/ASF/sam0/drivers/extint/extint_sam_d_r_h/extint.o
 .debug_macro   0x0000af2e       0xbe src/ASF/sam0/drivers/extint/extint_sam_d_r_h/extint.o
 .debug_macro   0x0000afec       0xbe src/ASF/sam0/drivers/extint/extint_sam_d_r_h/extint.o
 .debug_macro   0x0000b0aa       0x40 src/ASF/sam0/drivers/extint/extint_sam_d_r_h/extint.o
 .debug_macro   0x0000b0ea      0x2e3 src/ASF/sam0/drivers/extint/extint_sam_d_r_h/extint.o
 .debug_macro   0x0000b3cd     0x19c4 src/ASF/sam0/drivers/extint/extint_sam_d_r_h/extint.o
 .debug_macro   0x0000cd91       0x4a src/ASF/sam0/drivers/extint/extint_sam_d_r_h/extint.o
 .debug_macro   0x0000cddb       0x58 src/ASF/sam0/drivers/extint/extint_sam_d_r_h/extint.o
 .debug_macro   0x0000ce33       0x35 src/ASF/sam0/drivers/extint/extint_sam_d_r_h/extint.o
 .debug_macro   0x0000ce68       0x9c src/ASF/sam0/drivers/extint/extint_sam_d_r_h/extint.o
 .debug_macro   0x0000cf04       0x16 src/ASF/sam0/drivers/extint/extint_sam_d_r_h/extint.o
 .debug_macro   0x0000cf1a       0x35 src/ASF/sam0/drivers/extint/extint_sam_d_r_h/extint.o
 .debug_macro   0x0000cf4f      0x353 src/ASF/sam0/drivers/extint/extint_sam_d_r_h/extint.o
 .debug_macro   0x0000d2a2       0x10 src/ASF/sam0/drivers/extint/extint_sam_d_r_h/extint.o
 .debug_macro   0x0000d2b2       0x58 src/ASF/sam0/drivers/extint/extint_sam_d_r_h/extint.o
 .debug_macro   0x0000d30a       0x1f src/ASF/sam0/drivers/extint/extint_sam_d_r_h/extint.o
 .debug_macro   0x0000d329       0x43 src/ASF/sam0/drivers/extint/extint_sam_d_r_h/extint.o
 .debug_macro   0x0000d36c       0x20 src/ASF/sam0/drivers/extint/extint_sam_d_r_h/extint.o
 .debug_macro   0x0000d38c      0x187 src/ASF/sam0/drivers/extint/extint_sam_d_r_h/extint.o
 .debug_macro   0x0000d513       0x10 src/ASF/sam0/drivers/extint/extint_sam_d_r_h/extint.o
 .debug_macro   0x0000d523       0x1c src/ASF/sam0/drivers/extint/extint_sam_d_r_h/extint.o
 .debug_macro   0x0000d53f       0x52 src/ASF/sam0/drivers/extint/extint_sam_d_r_h/extint.o
 .debug_macro   0x0000d591       0x40 src/ASF/sam0/drivers/extint/extint_sam_d_r_h/extint.o
 .debug_macro   0x0000d5d1       0x10 src/ASF/sam0/drivers/extint/extint_sam_d_r_h/extint.o
 .debug_macro   0x0000d5e1       0x40 src/ASF/sam0/drivers/extint/extint_sam_d_r_h/extint.o
 .debug_macro   0x0000d621       0xd7 src/ASF/sam0/drivers/extint/extint_sam_d_r_h/extint.o
 .debug_macro   0x0000d6f8       0x16 src/ASF/sam0/drivers/extint/extint_sam_d_r_h/extint.o
 .debug_macro   0x0000d70e      0x18b src/ASF/sam0/drivers/extint/extint_sam_d_r_h/extint.o
 .debug_macro   0x0000d899       0x16 src/ASF/sam0/drivers/extint/extint_sam_d_r_h/extint.o
 .debug_macro   0x0000d8af       0x16 src/ASF/sam0/drivers/extint/extint_sam_d_r_h/extint.o
 .debug_macro   0x0000d8c5       0x29 src/ASF/sam0/drivers/extint/extint_sam_d_r_h/extint.o
 .debug_macro   0x0000d8ee       0x51 src/ASF/sam0/drivers/extint/extint_sam_d_r_h/extint.o
 .debug_macro   0x0000d93f       0x3f src/ASF/sam0/drivers/extint/extint_sam_d_r_h/extint.o
 .debug_macro   0x0000d97e      0x3df src/ASF/sam0/drivers/extint/extint_sam_d_r_h/extint.o
 .debug_macro   0x0000dd5d       0x11 src/ASF/sam0/drivers/extint/extint_sam_d_r_h/extint.o
 .debug_macro   0x0000dd6e       0x16 src/ASF/sam0/drivers/extint/extint_sam_d_r_h/extint.o
 .debug_macro   0x0000dd84       0x2e src/ASF/sam0/drivers/extint/extint_sam_d_r_h/extint.o
 .debug_macro   0x0000ddb2       0x18 src/ASF/sam0/drivers/extint/extint_sam_d_r_h/extint.o
 .debug_macro   0x0000ddca       0x16 src/ASF/sam0/drivers/extint/extint_sam_d_r_h/extint.o
 .debug_macro   0x0000dde0      0x532 src/ASF/sam0/drivers/sercom/sercom.o
 .debug_macro   0x0000e312       0xb2 src/ASF/sam0/drivers/sercom/sercom.o
 .debug_macro   0x0000e3c4       0x10 src/ASF/sam0/drivers/sercom/sercom.o
 .debug_macro   0x0000e3d4      0x543 src/ASF/sam0/drivers/sercom/usart/usart.o
 .debug_macro   0x0000e917       0x19 src/ASF/sam0/drivers/sercom/usart/usart.o
 .debug_macro   0x0000e930      0x543 src/ASF/sam0/drivers/sercom/usart/usart_interrupt.o
 .debug_macro   0x0000ee73      0x52f src/ASF/sam0/drivers/sercom/sercom_interrupt.o
 .debug_macro   0x0000f3a2      0x4c9 src/ASF/sam0/drivers/extint/extint_callback.o
 .debug_macro   0x0000f86b       0x12 src/ASF/sam0/drivers/extint/extint_callback.o
 .debug_macro   0x0000f87d      0x4e0 src/ASF/common2/services/delay/sam0/systick_counter.o
 .debug_macro   0x0000fd5d       0x16 src/ASF/common2/services/delay/sam0/systick_counter.o
 .debug_macro   0x0000fd73       0x16 src/ASF/common2/services/delay/sam0/systick_counter.o
 .debug_macro   0x0000fd89      0x4be src/ASF/sam0/drivers/port/port.o
 .debug_macro   0x00010247       0x12 src/ASF/sam0/drivers/port/port.o
 .debug_macro   0x00010259      0x5c8 src/BLE_E104BT02.o
 .debug_macro   0x00010821      0x12e src/BLE_E104BT02.o
 .debug_macro   0x0001094f      0x2c6 src/BLE_E104BT02.o
 .debug_macro   0x00010c15       0x18 src/BLE_E104BT02.o
 .debug_macro   0x00010c2d       0x1f src/BLE_E104BT02.o
 .debug_macro   0x00010c4c      0x5c8 src/FP_FPM023.o
 .debug_macro   0x00011214      0x5c8 src/ASF/common2/boards/user_board/init.o
 .debug_macro   0x000117dc      0x4a4 src/ASF/common/utils/interrupt/interrupt_sam_nvic.o
 .debug_macro   0x00011c80      0x5b9 src/ASF/sam0/drivers/system/clock/clock_samd20/clock.o
 .debug_macro   0x00012239      0x21a src/ASF/sam0/drivers/system/clock/clock_samd20/clock.o
 .debug_macro   0x00012453      0x4db src/ASF/sam0/drivers/system/clock/clock_samd20/gclk.o
 .debug_macro   0x0001292e      0x4b6 src/ASF/sam0/drivers/system/pinmux/pinmux.o
 .debug_macro   0x00012de4      0x4e8 src/ASF/sam0/drivers/system/system.o
 .debug_macro   0x000132cc      0x28b src/ASF/sam0/utils/cmsis/samd20/source/gcc/startup_samd20.o
 .debug_macro   0x00013557       0x3a src/ASF/sam0/utils/cmsis/samd20/source/gcc/startup_samd20.o
 .debug_macro   0x00013591      0x5c8 src/main.o

.debug_line     0x00000000     0xba5d
 .debug_line    0x00000000      0xb4f src/ASF/sam0/drivers/extint/extint_sam_d_r_h/extint.o
 .debug_line    0x00000b4f      0xaf3 src/ASF/sam0/drivers/sercom/sercom.o
 .debug_line    0x00001642      0xc12 src/ASF/sam0/drivers/sercom/usart/usart.o
 .debug_line    0x00002254      0xbc9 src/ASF/sam0/drivers/sercom/usart/usart_interrupt.o
 .debug_line    0x00002e1d      0xa96 src/ASF/sam0/drivers/sercom/sercom_interrupt.o
 .debug_line    0x000038b3      0x8fa src/ASF/sam0/drivers/extint/extint_callback.o
 .debug_line    0x000041ad      0x8e3 src/ASF/common2/services/delay/sam0/systick_counter.o
 .debug_line    0x00004a90      0x824 src/ASF/sam0/drivers/port/port.o
 .debug_line    0x000052b4      0xcf7 src/BLE_E104BT02.o
 .debug_line    0x00005fab      0xd9a src/FP_FPM023.o
 .debug_line    0x00006d45      0xba8 src/ASF/common2/boards/user_board/init.o
 .debug_line    0x000078ed      0x7f8 src/ASF/common/utils/interrupt/interrupt_sam_nvic.o
 .debug_line    0x000080e5      0xb39 src/ASF/sam0/drivers/system/clock/clock_samd20/clock.o
 .debug_line    0x00008c1e      0xb95 src/ASF/sam0/drivers/system/clock/clock_samd20/gclk.o
 .debug_line    0x000097b3      0x854 src/ASF/sam0/drivers/system/pinmux/pinmux.o
 .debug_line    0x0000a007      0x910 src/ASF/sam0/drivers/system/system.o
 .debug_line    0x0000a917      0x570 src/ASF/sam0/utils/cmsis/samd20/source/gcc/startup_samd20.o
 .debug_line    0x0000ae87      0xbd6 src/main.o

.debug_str      0x00000000    0x5ef03
 .debug_str     0x00000000    0x58e97 src/ASF/sam0/drivers/extint/extint_sam_d_r_h/extint.o
                              0x59421 (size before relaxing)
 .debug_str     0x00058e97      0xd90 src/ASF/sam0/drivers/sercom/sercom.o
                              0x591f4 (size before relaxing)
 .debug_str     0x00059c27      0x96c src/ASF/sam0/drivers/sercom/usart/usart.o
                              0x59bdb (size before relaxing)
 .debug_str     0x0005a593      0x208 src/ASF/sam0/drivers/sercom/usart/usart_interrupt.o
                              0x59092 (size before relaxing)
 .debug_str     0x0005a79b      0x175 src/ASF/sam0/drivers/sercom/sercom_interrupt.o
                              0x5902d (size before relaxing)
 .debug_str     0x0005a910      0x131 src/ASF/sam0/drivers/extint/extint_callback.o
                              0x584cc (size before relaxing)
 .debug_str     0x0005aa41      0x233 src/ASF/common2/services/delay/sam0/systick_counter.o
                              0x57ec0 (size before relaxing)
 .debug_str     0x0005ac74      0x2ae src/ASF/sam0/drivers/port/port.o
                              0x580d1 (size before relaxing)
 .debug_str     0x0005af22      0xf6c src/BLE_E104BT02.o
                              0x5abc9 (size before relaxing)
 .debug_str     0x0005be8e      0x273 src/FP_FPM023.o
                              0x5af78 (size before relaxing)
 .debug_str     0x0005c101       0x3e src/ASF/common2/boards/user_board/init.o
                              0x5a003 (size before relaxing)
 .debug_str     0x0005c13f       0x66 src/ASF/common/utils/interrupt/interrupt_sam_nvic.o
                              0x57ccb (size before relaxing)
 .debug_str     0x0005c1a5     0x26c5 src/ASF/sam0/drivers/system/clock/clock_samd20/clock.o
                              0x5aeee (size before relaxing)
 .debug_str     0x0005e86a      0x1b7 src/ASF/sam0/drivers/system/clock/clock_samd20/gclk.o
                              0x588fe (size before relaxing)
 .debug_str     0x0005ea21       0xf4 src/ASF/sam0/drivers/system/pinmux/pinmux.o
                              0x580c2 (size before relaxing)
 .debug_str     0x0005eb15       0x47 src/ASF/sam0/drivers/system/system.o
                              0x57d67 (size before relaxing)
 .debug_str     0x0005eb5c      0x391 src/ASF/sam0/utils/cmsis/samd20/source/gcc/startup_samd20.o
                              0x42eeb (size before relaxing)
 .debug_str     0x0005eeed       0x16 src/main.o
                              0x5a353 (size before relaxing)

.debug_frame    0x00000000      0xb1c
 .debug_frame   0x00000000       0xb8 src/ASF/sam0/drivers/extint/extint_sam_d_r_h/extint.o
 .debug_frame   0x000000b8       0xbc src/ASF/sam0/drivers/sercom/sercom.o
 .debug_frame   0x00000174       0xac src/ASF/sam0/drivers/sercom/usart/usart.o
 .debug_frame   0x00000220      0x110 src/ASF/sam0/drivers/sercom/usart/usart_interrupt.o
 .debug_frame   0x00000330       0xe8 src/ASF/sam0/drivers/sercom/sercom_interrupt.o
 .debug_frame   0x00000418       0x7c src/ASF/sam0/drivers/extint/extint_callback.o
 .debug_frame   0x00000494       0x64 src/ASF/common2/services/delay/sam0/systick_counter.o
 .debug_frame   0x000004f8       0x44 src/ASF/sam0/drivers/port/port.o
 .debug_frame   0x0000053c       0xa8 src/BLE_E104BT02.o
 .debug_frame   0x000005e4       0xd0 src/FP_FPM023.o
 .debug_frame   0x000006b4       0x20 src/ASF/common2/boards/user_board/init.o
 .debug_frame   0x000006d4       0x30 src/ASF/common/utils/interrupt/interrupt_sam_nvic.o
 .debug_frame   0x00000704      0x12c src/ASF/sam0/drivers/system/clock/clock_samd20/clock.o
 .debug_frame   0x00000830      0x148 src/ASF/sam0/drivers/system/clock/clock_samd20/gclk.o
 .debug_frame   0x00000978       0x74 src/ASF/sam0/drivers/system/pinmux/pinmux.o
 .debug_frame   0x000009ec       0x38 src/ASF/sam0/drivers/system/system.o
 .debug_frame   0x00000a24       0x38 src/ASF/sam0/utils/cmsis/samd20/source/gcc/startup_samd20.o
 .debug_frame   0x00000a5c       0x40 src/main.o
 .debug_frame   0x00000a9c       0x20 d:/atmel/7.0/toolchain/arm/arm-gnu-toolchain/bin/../lib/gcc/arm-none-eabi/6.3.1/thumb/v6-m\libgcc.a(_udivsi3.o)
 .debug_frame   0x00000abc       0x34 d:/atmel/7.0/toolchain/arm/arm-gnu-toolchain/bin/../lib/gcc/arm-none-eabi/6.3.1/thumb/v6-m\libgcc.a(_muldi3.o)
 .debug_frame   0x00000af0       0x2c d:/atmel/7.0/toolchain/arm/arm-gnu-toolchain/bin/../lib/gcc/arm-none-eabi/6.3.1/../../../../arm-none-eabi/lib/thumb/v6-m\libc_nano.a(lib_a-init.o)

Cross Reference Table

Symbol                                            File
AC_Handler                                        src/ASF/sam0/utils/cmsis/samd20/source/gcc/startup_samd20.o
ADC_Handler                                       src/ASF/sam0/utils/cmsis/samd20/source/gcc/startup_samd20.o
DAC_Handler                                       src/ASF/sam0/utils/cmsis/samd20/source/gcc/startup_samd20.o
Dummy_Handler                                     src/ASF/sam0/utils/cmsis/samd20/source/gcc/startup_samd20.o
EIC_Handler                                       src/ASF/sam0/drivers/extint/extint_callback.o
EVSYS_Handler                                     src/ASF/sam0/utils/cmsis/samd20/source/gcc/startup_samd20.o
FP_INT_FLAG                                       src/FP_FPM023.o
FPaction                                          src/FP_FPM023.o
FPaction_Flag                                     src/FP_FPM023.o
HardFault_Handler                                 src/ASF/sam0/utils/cmsis/samd20/source/gcc/startup_samd20.o
LedInit                                           src/main.o
NMI_Handler                                       src/ASF/sam0/utils/cmsis/samd20/source/gcc/startup_samd20.o
NVMCTRL_Handler                                   src/ASF/sam0/utils/cmsis/samd20/source/gcc/startup_samd20.o
PM_Handler                                        src/ASF/sam0/utils/cmsis/samd20/source/gcc/startup_samd20.o
PROC                                              src/FP_FPM023.o
PTC_Handler                                       src/ASF/sam0/utils/cmsis/samd20/source/gcc/startup_samd20.o
PendSV_Handler                                    src/ASF/sam0/utils/cmsis/samd20/source/gcc/startup_samd20.o
REG_IDX                                           src/FP_FPM023.o
RTC_Handler                                       src/ASF/sam0/utils/cmsis/samd20/source/gcc/startup_samd20.o
Register                                          src/FP_FPM023.o
                                                  src/main.o
Reset_Handler                                     src/ASF/sam0/utils/cmsis/samd20/source/gcc/startup_samd20.o
SERCOM0_Handler                                   src/ASF/sam0/drivers/sercom/sercom_interrupt.o
SERCOM1_Handler                                   src/ASF/sam0/drivers/sercom/sercom_interrupt.o
SERCOM2_Handler                                   src/ASF/sam0/drivers/sercom/sercom_interrupt.o
SERCOM3_Handler                                   src/ASF/sam0/drivers/sercom/sercom_interrupt.o
SERCOM4_Handler                                   src/ASF/sam0/drivers/sercom/sercom_interrupt.o
SERCOM5_Handler                                   src/ASF/sam0/drivers/sercom/sercom_interrupt.o
SVC_Handler                                       src/ASF/sam0/utils/cmsis/samd20/source/gcc/startup_samd20.o
SYSCTRL_Handler                                   src/ASF/sam0/utils/cmsis/samd20/source/gcc/startup_samd20.o
SysTick_Handler                                   src/ASF/sam0/utils/cmsis/samd20/source/gcc/startup_samd20.o
SystemCoreClock                                   src/ASF/sam0/utils/cmsis/samd20/source/system_samd20.o
SystemCoreClockUpdate                             src/ASF/sam0/utils/cmsis/samd20/source/system_samd20.o
SystemInit                                        src/ASF/sam0/utils/cmsis/samd20/source/system_samd20.o
TC0_Handler                                       src/ASF/sam0/utils/cmsis/samd20/source/gcc/startup_samd20.o
TC1_Handler                                       src/ASF/sam0/utils/cmsis/samd20/source/gcc/startup_samd20.o
TC2_Handler                                       src/ASF/sam0/utils/cmsis/samd20/source/gcc/startup_samd20.o
TC3_Handler                                       src/ASF/sam0/utils/cmsis/samd20/source/gcc/startup_samd20.o
TC4_Handler                                       src/ASF/sam0/utils/cmsis/samd20/source/gcc/startup_samd20.o
TC5_Handler                                       src/ASF/sam0/utils/cmsis/samd20/source/gcc/startup_samd20.o
TC6_Handler                                       src/ASF/sam0/utils/cmsis/samd20/source/gcc/startup_samd20.o
TC7_Handler                                       src/ASF/sam0/utils/cmsis/samd20/source/gcc/startup_samd20.o
WDT_Handler                                       src/ASF/sam0/utils/cmsis/samd20/source/gcc/startup_samd20.o
_Jv_RegisterClasses                               d:/atmel/7.0/toolchain/arm/arm-gnu-toolchain/bin/../lib/gcc/arm-none-eabi/6.3.1/thumb/v6-m/crtbegin.o
__aeabi_idiv0                                     d:/atmel/7.0/toolchain/arm/arm-gnu-toolchain/bin/../lib/gcc/arm-none-eabi/6.3.1/thumb/v6-m\libgcc.a(_dvmd_tls.o)
                                                  d:/atmel/7.0/toolchain/arm/arm-gnu-toolchain/bin/../lib/gcc/arm-none-eabi/6.3.1/thumb/v6-m\libgcc.a(_udivsi3.o)
__aeabi_ldiv0                                     d:/atmel/7.0/toolchain/arm/arm-gnu-toolchain/bin/../lib/gcc/arm-none-eabi/6.3.1/thumb/v6-m\libgcc.a(_dvmd_tls.o)
__aeabi_lmul                                      d:/atmel/7.0/toolchain/arm/arm-gnu-toolchain/bin/../lib/gcc/arm-none-eabi/6.3.1/thumb/v6-m\libgcc.a(_muldi3.o)
                                                  src/ASF/sam0/drivers/sercom/sercom.o
__aeabi_uidiv                                     d:/atmel/7.0/toolchain/arm/arm-gnu-toolchain/bin/../lib/gcc/arm-none-eabi/6.3.1/thumb/v6-m\libgcc.a(_udivsi3.o)
                                                  src/ASF/sam0/drivers/system/clock/clock_samd20/gclk.o
                                                  src/ASF/common2/services/delay/sam0/systick_counter.o
__aeabi_uidivmod                                  d:/atmel/7.0/toolchain/arm/arm-gnu-toolchain/bin/../lib/gcc/arm-none-eabi/6.3.1/thumb/v6-m\libgcc.a(_udivsi3.o)
__bss_end__                                       d:/atmel/7.0/toolchain/arm/arm-gnu-toolchain/bin/../lib/gcc/arm-none-eabi/6.3.1/../../../../arm-none-eabi/lib/thumb/v6-m/crt0.o
__bss_start__                                     d:/atmel/7.0/toolchain/arm/arm-gnu-toolchain/bin/../lib/gcc/arm-none-eabi/6.3.1/../../../../arm-none-eabi/lib/thumb/v6-m/crt0.o
__call_exitprocs                                  d:/atmel/7.0/toolchain/arm/arm-gnu-toolchain/bin/../lib/gcc/arm-none-eabi/6.3.1/../../../../arm-none-eabi/lib/thumb/v6-m\libc_nano.a(lib_a-exit.o)
__deregister_frame_info                           d:/atmel/7.0/toolchain/arm/arm-gnu-toolchain/bin/../lib/gcc/arm-none-eabi/6.3.1/thumb/v6-m/crtbegin.o
__dso_handle                                      d:/atmel/7.0/toolchain/arm/arm-gnu-toolchain/bin/../lib/gcc/arm-none-eabi/6.3.1/thumb/v6-m/crtbegin.o
__init_array_end                                  d:/atmel/7.0/toolchain/arm/arm-gnu-toolchain/bin/../lib/gcc/arm-none-eabi/6.3.1/../../../../arm-none-eabi/lib/thumb/v6-m\libc_nano.a(lib_a-init.o)
__init_array_start                                d:/atmel/7.0/toolchain/arm/arm-gnu-toolchain/bin/../lib/gcc/arm-none-eabi/6.3.1/../../../../arm-none-eabi/lib/thumb/v6-m\libc_nano.a(lib_a-init.o)
__libc_fini_array                                 d:/atmel/7.0/toolchain/arm/arm-gnu-toolchain/bin/../lib/gcc/arm-none-eabi/6.3.1/../../../../arm-none-eabi/lib/thumb/v6-m/crt0.o
__libc_init_array                                 d:/atmel/7.0/toolchain/arm/arm-gnu-toolchain/bin/../lib/gcc/arm-none-eabi/6.3.1/../../../../arm-none-eabi/lib/thumb/v6-m\libc_nano.a(lib_a-init.o)
                                                  src/ASF/sam0/utils/cmsis/samd20/source/gcc/startup_samd20.o
                                                  d:/atmel/7.0/toolchain/arm/arm-gnu-toolchain/bin/../lib/gcc/arm-none-eabi/6.3.1/../../../../arm-none-eabi/lib/thumb/v6-m/crt0.o
__muldi3                                          d:/atmel/7.0/toolchain/arm/arm-gnu-toolchain/bin/../lib/gcc/arm-none-eabi/6.3.1/thumb/v6-m\libgcc.a(_muldi3.o)
__preinit_array_end                               d:/atmel/7.0/toolchain/arm/arm-gnu-toolchain/bin/../lib/gcc/arm-none-eabi/6.3.1/../../../../arm-none-eabi/lib/thumb/v6-m\libc_nano.a(lib_a-init.o)
__preinit_array_start                             d:/atmel/7.0/toolchain/arm/arm-gnu-toolchain/bin/../lib/gcc/arm-none-eabi/6.3.1/../../../../arm-none-eabi/lib/thumb/v6-m\libc_nano.a(lib_a-init.o)
__register_frame_info                             d:/atmel/7.0/toolchain/arm/arm-gnu-toolchain/bin/../lib/gcc/arm-none-eabi/6.3.1/thumb/v6-m/crtbegin.o
__sf_fake_stderr                                  d:/atmel/7.0/toolchain/arm/arm-gnu-toolchain/bin/../lib/gcc/arm-none-eabi/6.3.1/../../../../arm-none-eabi/lib/thumb/v6-m\libc_nano.a(lib_a-impure.o)
__sf_fake_stdin                                   d:/atmel/7.0/toolchain/arm/arm-gnu-toolchain/bin/../lib/gcc/arm-none-eabi/6.3.1/../../../../arm-none-eabi/lib/thumb/v6-m\libc_nano.a(lib_a-impure.o)
__sf_fake_stdout                                  d:/atmel/7.0/toolchain/arm/arm-gnu-toolchain/bin/../lib/gcc/arm-none-eabi/6.3.1/../../../../arm-none-eabi/lib/thumb/v6-m\libc_nano.a(lib_a-impure.o)
__stack                                           d:/atmel/7.0/toolchain/arm/arm-gnu-toolchain/bin/../lib/gcc/arm-none-eabi/6.3.1/../../../../arm-none-eabi/lib/thumb/v6-m/crt0.o
__udivsi3                                         d:/atmel/7.0/toolchain/arm/arm-gnu-toolchain/bin/../lib/gcc/arm-none-eabi/6.3.1/thumb/v6-m\libgcc.a(_udivsi3.o)
_close                                            src/ASF/sam0/utils/syscalls/gcc/syscalls.o
_current_channel                                  src/ASF/sam0/drivers/extint/extint_callback.o
_end                                              src/ASF/sam0/utils/syscalls/gcc/syscalls.o
_erelocate                                        src/ASF/sam0/utils/cmsis/samd20/source/gcc/startup_samd20.o
_estack                                           src/ASF/sam0/utils/cmsis/samd20/source/gcc/startup_samd20.o
_etext                                            src/ASF/sam0/utils/cmsis/samd20/source/gcc/startup_samd20.o
_exit                                             src/ASF/sam0/utils/syscalls/gcc/syscalls.o
                                                  d:/atmel/7.0/toolchain/arm/arm-gnu-toolchain/bin/../lib/gcc/arm-none-eabi/6.3.1/../../../../arm-none-eabi/lib/thumb/v6-m\libc_nano.a(lib_a-exit.o)
_extint_dev                                       src/ASF/sam0/drivers/extint/extint_sam_d_r_h/extint.o
                                                  src/ASF/sam0/drivers/extint/extint_callback.o
_ezero                                            src/ASF/sam0/utils/cmsis/samd20/source/gcc/startup_samd20.o
_fini                                             d:/atmel/7.0/toolchain/arm/arm-gnu-toolchain/bin/../lib/gcc/arm-none-eabi/6.3.1/thumb/v6-m/crti.o
_fstat                                            src/ASF/sam0/utils/syscalls/gcc/syscalls.o
_getpid                                           src/ASF/sam0/utils/syscalls/gcc/syscalls.o
_global_impure_ptr                                d:/atmel/7.0/toolchain/arm/arm-gnu-toolchain/bin/../lib/gcc/arm-none-eabi/6.3.1/../../../../arm-none-eabi/lib/thumb/v6-m\libc_nano.a(lib_a-impure.o)
                                                  d:/atmel/7.0/toolchain/arm/arm-gnu-toolchain/bin/../lib/gcc/arm-none-eabi/6.3.1/../../../../arm-none-eabi/lib/thumb/v6-m\libc_nano.a(lib_a-exit.o)
_impure_ptr                                       d:/atmel/7.0/toolchain/arm/arm-gnu-toolchain/bin/../lib/gcc/arm-none-eabi/6.3.1/../../../../arm-none-eabi/lib/thumb/v6-m\libc_nano.a(lib_a-impure.o)
_init                                             d:/atmel/7.0/toolchain/arm/arm-gnu-toolchain/bin/../lib/gcc/arm-none-eabi/6.3.1/thumb/v6-m/crti.o
                                                  d:/atmel/7.0/toolchain/arm/arm-gnu-toolchain/bin/../lib/gcc/arm-none-eabi/6.3.1/../../../../arm-none-eabi/lib/thumb/v6-m\libc_nano.a(lib_a-init.o)
_isatty                                           src/ASF/sam0/utils/syscalls/gcc/syscalls.o
_kill                                             src/ASF/sam0/utils/syscalls/gcc/syscalls.o
_lseek                                            src/ASF/sam0/utils/syscalls/gcc/syscalls.o
_mainCRTStartup                                   d:/atmel/7.0/toolchain/arm/arm-gnu-toolchain/bin/../lib/gcc/arm-none-eabi/6.3.1/../../../../arm-none-eabi/lib/thumb/v6-m/crt0.o
_sbrk                                             src/ASF/sam0/utils/syscalls/gcc/syscalls.o
_sercom_get_async_baud_val                        src/ASF/sam0/drivers/sercom/sercom.o
                                                  src/ASF/sam0/drivers/sercom/usart/usart.o
_sercom_get_default_pad                           src/ASF/sam0/drivers/sercom/sercom.o
                                                  src/ASF/sam0/drivers/sercom/usart/usart.o
_sercom_get_interrupt_vector                      src/ASF/sam0/drivers/sercom/sercom_interrupt.o
                                                  src/FP_FPM023.o
                                                  src/BLE_E104BT02.o
_sercom_get_sercom_inst_index                     src/ASF/sam0/drivers/sercom/sercom.o
                                                  src/ASF/sam0/drivers/sercom/sercom_interrupt.o
                                                  src/ASF/sam0/drivers/sercom/usart/usart.o
_sercom_get_sync_baud_val                         src/ASF/sam0/drivers/sercom/sercom.o
                                                  src/ASF/sam0/drivers/sercom/usart/usart.o
_sercom_instances                                 src/ASF/sam0/drivers/sercom/sercom_interrupt.o
                                                  src/ASF/sam0/drivers/sercom/usart/usart_interrupt.o
                                                  src/ASF/sam0/drivers/sercom/usart/usart.o
_sercom_set_handler                               src/ASF/sam0/drivers/sercom/sercom_interrupt.o
                                                  src/ASF/sam0/drivers/sercom/usart/usart.o
_sfixed                                           src/ASF/sam0/utils/cmsis/samd20/source/gcc/startup_samd20.o
_srelocate                                        src/ASF/sam0/utils/cmsis/samd20/source/gcc/startup_samd20.o
_start                                            d:/atmel/7.0/toolchain/arm/arm-gnu-toolchain/bin/../lib/gcc/arm-none-eabi/6.3.1/../../../../arm-none-eabi/lib/thumb/v6-m/crt0.o
_system_divas_init                                src/ASF/sam0/drivers/system/system.o
_system_dummy_init                                src/ASF/sam0/drivers/system/system.o
_system_events_init                               src/ASF/sam0/drivers/system/system.o
_system_extint_init                               src/ASF/sam0/drivers/extint/extint_sam_d_r_h/extint.o
_szero                                            src/ASF/sam0/utils/cmsis/samd20/source/gcc/startup_samd20.o
_usart_interrupt_handler                          src/ASF/sam0/drivers/sercom/usart/usart_interrupt.o
                                                  src/ASF/sam0/drivers/sercom/usart/usart.o
_usart_read_buffer                                src/ASF/sam0/drivers/sercom/usart/usart_interrupt.o
_usart_write_buffer                               src/ASF/sam0/drivers/sercom/usart/usart_interrupt.o
atexit                                            d:/atmel/7.0/toolchain/arm/arm-gnu-toolchain/bin/../lib/gcc/arm-none-eabi/6.3.1/../../../../arm-none-eabi/lib/thumb/v6-m/crt0.o
ble_con_state                                     src/BLE_E104BT02.o
ble_is_data_transmission                          src/BLE_E104BT02.o
ble_power                                         src/BLE_E104BT02.o
ble_reset                                         src/BLE_E104BT02.o
ble_rx_buffer                                     src/main.o
                                                  src/ASF/common2/boards/user_board/init.o
                                                  src/FP_FPM023.o
                                                  src/BLE_E104BT02.o
ble_sleep                                         src/BLE_E104BT02.o
ble_transmitbuff                                  src/BLE_E104BT02.o
board_init                                        src/ASF/common2/boards/user_board/init.o
configureBLE_usart                                src/BLE_E104BT02.o
                                                  src/main.o
configure_FP                                      src/FP_FPM023.o
                                                  src/main.o
cpu_irq_enter_critical                            src/ASF/common/utils/interrupt/interrupt_sam_nvic.o
                                                  src/ASF/sam0/drivers/system/clock/clock_samd20/gclk.o
                                                  src/ASF/sam0/drivers/sercom/usart/usart_interrupt.o
cpu_irq_leave_critical                            src/ASF/common/utils/interrupt/interrupt_sam_nvic.o
                                                  src/ASF/sam0/drivers/system/clock/clock_samd20/gclk.o
                                                  src/ASF/sam0/drivers/sercom/usart/usart_interrupt.o
delay_cycles_ms                                   src/ASF/common2/services/delay/sam0/systick_counter.o
                                                  src/main.o
                                                  src/FP_FPM023.o
                                                  src/BLE_E104BT02.o
delay_cycles_us                                   src/ASF/common2/services/delay/sam0/systick_counter.o
delay_init                                        src/ASF/common2/services/delay/sam0/systick_counter.o
                                                  src/main.o
exception_table                                   src/ASF/sam0/utils/cmsis/samd20/source/gcc/startup_samd20.o
exit                                              d:/atmel/7.0/toolchain/arm/arm-gnu-toolchain/bin/../lib/gcc/arm-none-eabi/6.3.1/../../../../arm-none-eabi/lib/thumb/v6-m\libc_nano.a(lib_a-exit.o)
                                                  d:/atmel/7.0/toolchain/arm/arm-gnu-toolchain/bin/../lib/gcc/arm-none-eabi/6.3.1/../../../../arm-none-eabi/lib/thumb/v6-m/crt0.o
extint_chan_disable_callback                      src/ASF/sam0/drivers/extint/extint_callback.o
extint_chan_enable_callback                       src/ASF/sam0/drivers/extint/extint_callback.o
                                                  src/FP_FPM023.o
extint_chan_get_config_defaults                   src/ASF/sam0/drivers/extint/extint_sam_d_r_h/extint.o
                                                  src/FP_FPM023.o
extint_chan_set_config                            src/ASF/sam0/drivers/extint/extint_sam_d_r_h/extint.o
                                                  src/FP_FPM023.o
extint_disable_events                             src/ASF/sam0/drivers/extint/extint_sam_d_r_h/extint.o
extint_enable_events                              src/ASF/sam0/drivers/extint/extint_sam_d_r_h/extint.o
extint_get_current_channel                        src/ASF/sam0/drivers/extint/extint_callback.o
extint_nmi_set_config                             src/ASF/sam0/drivers/extint/extint_sam_d_r_h/extint.o
extint_register_callback                          src/ASF/sam0/drivers/extint/extint_callback.o
                                                  src/FP_FPM023.o
extint_unregister_callback                        src/ASF/sam0/drivers/extint/extint_callback.o
finger_reset                                      src/FP_FPM023.o
finger_rx_buffer                                  src/main.o
                                                  src/ASF/common2/boards/user_board/init.o
                                                  src/FP_FPM023.o
                                                  src/BLE_E104BT02.o
finger_transmitbuff                               src/FP_FPM023.o
g_interrupt_enabled                               src/ASF/common/utils/interrupt/interrupt_sam_nvic.o
hardware_init_hook                                d:/atmel/7.0/toolchain/arm/arm-gnu-toolchain/bin/../lib/gcc/arm-none-eabi/6.3.1/../../../../arm-none-eabi/lib/thumb/v6-m/crt0.o
link                                              src/ASF/sam0/utils/syscalls/gcc/syscalls.o
main                                              src/main.o
                                                  src/ASF/sam0/utils/cmsis/samd20/source/gcc/startup_samd20.o
                                                  d:/atmel/7.0/toolchain/arm/arm-gnu-toolchain/bin/../lib/gcc/arm-none-eabi/6.3.1/../../../../arm-none-eabi/lib/thumb/v6-m/crt0.o
memset                                            d:/atmel/7.0/toolchain/arm/arm-gnu-toolchain/bin/../lib/gcc/arm-none-eabi/6.3.1/../../../../arm-none-eabi/lib/thumb/v6-m\libc_nano.a(lib_a-memset.o)
                                                  d:/atmel/7.0/toolchain/arm/arm-gnu-toolchain/bin/../lib/gcc/arm-none-eabi/6.3.1/../../../../arm-none-eabi/lib/thumb/v6-m/crt0.o
port_group_set_config                             src/ASF/sam0/drivers/port/port.o
port_pin_set_config                               src/ASF/sam0/drivers/port/port.o
                                                  src/main.o
                                                  src/FP_FPM023.o
                                                  src/BLE_E104BT02.o
sercom_set_gclk_generator                         src/ASF/sam0/drivers/sercom/sercom.o
                                                  src/ASF/sam0/drivers/sercom/usart/usart.o
software_init_hook                                d:/atmel/7.0/toolchain/arm/arm-gnu-toolchain/bin/../lib/gcc/arm-none-eabi/6.3.1/../../../../arm-none-eabi/lib/thumb/v6-m/crt0.o
system_board_init                                 src/ASF/common2/boards/user_board/init.o
system_clock_init                                 src/ASF/sam0/drivers/system/clock/clock_samd20/clock.o
system_clock_source_dfll_set_config               src/ASF/sam0/drivers/system/clock/clock_samd20/clock.o
system_clock_source_disable                       src/ASF/sam0/drivers/system/clock/clock_samd20/clock.o
system_clock_source_enable                        src/ASF/sam0/drivers/system/clock/clock_samd20/clock.o
system_clock_source_get_hz                        src/ASF/sam0/drivers/system/clock/clock_samd20/clock.o
                                                  src/ASF/sam0/drivers/system/clock/clock_samd20/gclk.o
system_clock_source_is_ready                      src/ASF/sam0/drivers/system/clock/clock_samd20/clock.o
system_clock_source_osc32k_set_config             src/ASF/sam0/drivers/system/clock/clock_samd20/clock.o
system_clock_source_osc8m_set_config              src/ASF/sam0/drivers/system/clock/clock_samd20/clock.o
system_clock_source_write_calibration             src/ASF/sam0/drivers/system/clock/clock_samd20/clock.o
system_clock_source_xosc32k_set_config            src/ASF/sam0/drivers/system/clock/clock_samd20/clock.o
system_clock_source_xosc_set_config               src/ASF/sam0/drivers/system/clock/clock_samd20/clock.o
system_gclk_chan_disable                          src/ASF/sam0/drivers/system/clock/clock_samd20/gclk.o
                                                  src/ASF/sam0/drivers/extint/extint_sam_d_r_h/extint.o
system_gclk_chan_enable                           src/ASF/sam0/drivers/system/clock/clock_samd20/gclk.o
                                                  src/ASF/sam0/drivers/sercom/usart/usart.o
                                                  src/ASF/sam0/drivers/sercom/sercom.o
                                                  src/ASF/sam0/drivers/extint/extint_sam_d_r_h/extint.o
system_gclk_chan_get_hz                           src/ASF/sam0/drivers/system/clock/clock_samd20/gclk.o
                                                  src/ASF/sam0/drivers/system/clock/clock_samd20/clock.o
                                                  src/ASF/sam0/drivers/sercom/usart/usart.o
system_gclk_chan_is_enabled                       src/ASF/sam0/drivers/system/clock/clock_samd20/gclk.o
system_gclk_chan_is_locked                        src/ASF/sam0/drivers/system/clock/clock_samd20/gclk.o
system_gclk_chan_lock                             src/ASF/sam0/drivers/system/clock/clock_samd20/gclk.o
system_gclk_chan_set_config                       src/ASF/sam0/drivers/system/clock/clock_samd20/gclk.o
                                                  src/ASF/sam0/drivers/system/clock/clock_samd20/clock.o
                                                  src/ASF/sam0/drivers/sercom/usart/usart.o
                                                  src/ASF/sam0/drivers/sercom/sercom.o
                                                  src/ASF/sam0/drivers/extint/extint_sam_d_r_h/extint.o
system_gclk_gen_disable                           src/ASF/sam0/drivers/system/clock/clock_samd20/gclk.o
system_gclk_gen_enable                            src/ASF/sam0/drivers/system/clock/clock_samd20/gclk.o
                                                  src/ASF/sam0/drivers/system/clock/clock_samd20/clock.o
system_gclk_gen_get_hz                            src/ASF/sam0/drivers/system/clock/clock_samd20/gclk.o
                                                  src/ASF/common2/services/delay/sam0/systick_counter.o
system_gclk_gen_is_enabled                        src/ASF/sam0/drivers/system/clock/clock_samd20/gclk.o
system_gclk_gen_set_config                        src/ASF/sam0/drivers/system/clock/clock_samd20/gclk.o
                                                  src/ASF/sam0/drivers/system/clock/clock_samd20/clock.o
system_gclk_init                                  src/ASF/sam0/drivers/system/clock/clock_samd20/gclk.o
                                                  src/ASF/sam0/drivers/system/clock/clock_samd20/clock.o
system_init                                       src/ASF/sam0/drivers/system/system.o
                                                  src/main.o
system_interrupt_clear_pending                    src/ASF/sam0/drivers/system/interrupt/system_interrupt.o
system_interrupt_get_priority                     src/ASF/sam0/drivers/system/interrupt/system_interrupt.o
system_interrupt_is_pending                       src/ASF/sam0/drivers/system/interrupt/system_interrupt.o
system_interrupt_set_pending                      src/ASF/sam0/drivers/system/interrupt/system_interrupt.o
system_interrupt_set_priority                     src/ASF/sam0/drivers/system/interrupt/system_interrupt.o
system_pinmux_group_set_config                    src/ASF/sam0/drivers/system/pinmux/pinmux.o
                                                  src/ASF/sam0/drivers/port/port.o
system_pinmux_group_set_input_sample_mode         src/ASF/sam0/drivers/system/pinmux/pinmux.o
system_pinmux_pin_set_config                      src/ASF/sam0/drivers/system/pinmux/pinmux.o
                                                  src/ASF/sam0/drivers/port/port.o
                                                  src/ASF/sam0/drivers/sercom/usart/usart.o
                                                  src/ASF/sam0/drivers/extint/extint_sam_d_r_h/extint.o
usart_abort_job                                   src/ASF/sam0/drivers/sercom/usart/usart_interrupt.o
usart_ble_instance                                src/main.o
                                                  src/ASF/common2/boards/user_board/init.o
                                                  src/FP_FPM023.o
                                                  src/BLE_E104BT02.o
usart_finger_instance                             src/main.o
                                                  src/ASF/common2/boards/user_board/init.o
                                                  src/FP_FPM023.o
                                                  src/BLE_E104BT02.o
usart_get_job_status                              src/ASF/sam0/drivers/sercom/usart/usart_interrupt.o
usart_init                                        src/ASF/sam0/drivers/sercom/usart/usart.o
                                                  src/FP_FPM023.o
                                                  src/BLE_E104BT02.o
usart_read_buffer_job                             src/ASF/sam0/drivers/sercom/usart/usart_interrupt.o
                                                  src/FP_FPM023.o
usart_read_buffer_wait                            src/ASF/sam0/drivers/sercom/usart/usart.o
usart_read_job                                    src/ASF/sam0/drivers/sercom/usart/usart_interrupt.o
usart_read_wait                                   src/ASF/sam0/drivers/sercom/usart/usart.o
usart_register_callback                           src/ASF/sam0/drivers/sercom/usart/usart_interrupt.o
                                                  src/FP_FPM023.o
                                                  src/BLE_E104BT02.o
usart_unregister_callback                         src/ASF/sam0/drivers/sercom/usart/usart_interrupt.o
usart_write_buffer_job                            src/ASF/sam0/drivers/sercom/usart/usart_interrupt.o
                                                  src/FP_FPM023.o
usart_write_buffer_wait                           src/ASF/sam0/drivers/sercom/usart/usart.o
usart_write_job                                   src/ASF/sam0/drivers/sercom/usart/usart_interrupt.o
usart_write_wait                                  src/ASF/sam0/drivers/sercom/usart/usart.o
