Archive member included to satisfy reference by file (symbol)

d:/atmel/7.0/toolchain/arm/arm-gnu-toolchain/bin/../lib/gcc/arm-none-eabi/6.3.1/thumb/v6-m\libgcc.a(_udivsi3.o)
                              src/ASF/common2/services/delay/sam0/systick_counter.o (__aeabi_uidiv)
d:/atmel/7.0/toolchain/arm/arm-gnu-toolchain/bin/../lib/gcc/arm-none-eabi/6.3.1/thumb/v6-m\libgcc.a(_dvmd_tls.o)
                              d:/atmel/7.0/toolchain/arm/arm-gnu-toolchain/bin/../lib/gcc/arm-none-eabi/6.3.1/thumb/v6-m\libgcc.a(_udivsi3.o) (__aeabi_idiv0)
d:/atmel/7.0/toolchain/arm/arm-gnu-toolchain/bin/../lib/gcc/arm-none-eabi/6.3.1/thumb/v6-m\libgcc.a(_muldi3.o)
                              src/ASF/sam0/drivers/sercom/sercom.o (__aeabi_lmul)
d:/atmel/7.0/toolchain/arm/arm-gnu-toolchain/bin/../lib/gcc/arm-none-eabi/6.3.1/../../../../arm-none-eabi/lib/thumb/v6-m\libc_nano.a(lib_a-exit.o)
                              d:/atmel/7.0/toolchain/arm/arm-gnu-toolchain/bin/../lib/gcc/arm-none-eabi/6.3.1/../../../../arm-none-eabi/lib/thumb/v6-m/crt0.o (exit)
d:/atmel/7.0/toolchain/arm/arm-gnu-toolchain/bin/../lib/gcc/arm-none-eabi/6.3.1/../../../../arm-none-eabi/lib/thumb/v6-m\libc_nano.a(lib_a-impure.o)
                              d:/atmel/7.0/toolchain/arm/arm-gnu-toolchain/bin/../lib/gcc/arm-none-eabi/6.3.1/../../../../arm-none-eabi/lib/thumb/v6-m\libc_nano.a(lib_a-exit.o) (_global_impure_ptr)
d:/atmel/7.0/toolchain/arm/arm-gnu-toolchain/bin/../lib/gcc/arm-none-eabi/6.3.1/../../../../arm-none-eabi/lib/thumb/v6-m\libc_nano.a(lib_a-init.o)
                              d:/atmel/7.0/toolchain/arm/arm-gnu-toolchain/bin/../lib/gcc/arm-none-eabi/6.3.1/../../../../arm-none-eabi/lib/thumb/v6-m/crt0.o (__libc_init_array)
d:/atmel/7.0/toolchain/arm/arm-gnu-toolchain/bin/../lib/gcc/arm-none-eabi/6.3.1/../../../../arm-none-eabi/lib/thumb/v6-m\libc_nano.a(lib_a-memset.o)
                              d:/atmel/7.0/toolchain/arm/arm-gnu-toolchain/bin/../lib/gcc/arm-none-eabi/6.3.1/../../../../arm-none-eabi/lib/thumb/v6-m/crt0.o (memset)

Allocating common symbols
Common symbol       size              file

wifi_rx_buffer      0x14              src/WIFI_E103W01.o
finger_rx_buffer    0x1a              src/FingerPrint.o
usart_wifi_instance
                    0x24              src/WIFI_E103W01.o
FPaction_Flag       0x1               src/FingerPrint.o
usart_finger_instance
                    0x24              src/FingerPrint.o
_tc_instances       0x20              src/ASF/sam0/drivers/tc/tc_interrupt.o
_sercom_instances   0x18              src/ASF/sam0/drivers/sercom/sercom_interrupt.o
_extint_dev         0x40              src/ASF/sam0/drivers/extint/extint_sam_d_r_h/extint.o
usart_ble_instance  0x24              src/FingerPrint.o
_current_channel    0x1               src/ASF/sam0/drivers/extint/extint_callback.o
ble_rx_buffer       0x15              src/FingerPrint.o
tc_instance         0x1c              src/tc_timer.o

Discarded input sections

 .text          0x00000000        0x0 d:/atmel/7.0/toolchain/arm/arm-gnu-toolchain/bin/../lib/gcc/arm-none-eabi/6.3.1/thumb/v6-m/crti.o
 .data          0x00000000        0x0 d:/atmel/7.0/toolchain/arm/arm-gnu-toolchain/bin/../lib/gcc/arm-none-eabi/6.3.1/thumb/v6-m/crti.o
 .bss           0x00000000        0x0 d:/atmel/7.0/toolchain/arm/arm-gnu-toolchain/bin/../lib/gcc/arm-none-eabi/6.3.1/thumb/v6-m/crti.o
 .data          0x00000000        0x4 d:/atmel/7.0/toolchain/arm/arm-gnu-toolchain/bin/../lib/gcc/arm-none-eabi/6.3.1/thumb/v6-m/crtbegin.o
 .text          0x00000000       0x78 d:/atmel/7.0/toolchain/arm/arm-gnu-toolchain/bin/../lib/gcc/arm-none-eabi/6.3.1/../../../../arm-none-eabi/lib/thumb/v6-m/crt0.o
 .data          0x00000000        0x0 d:/atmel/7.0/toolchain/arm/arm-gnu-toolchain/bin/../lib/gcc/arm-none-eabi/6.3.1/../../../../arm-none-eabi/lib/thumb/v6-m/crt0.o
 .bss           0x00000000        0x0 d:/atmel/7.0/toolchain/arm/arm-gnu-toolchain/bin/../lib/gcc/arm-none-eabi/6.3.1/../../../../arm-none-eabi/lib/thumb/v6-m/crt0.o
 .ARM.extab     0x00000000        0x0 d:/atmel/7.0/toolchain/arm/arm-gnu-toolchain/bin/../lib/gcc/arm-none-eabi/6.3.1/../../../../arm-none-eabi/lib/thumb/v6-m/crt0.o
 .ARM.exidx     0x00000000        0x8 d:/atmel/7.0/toolchain/arm/arm-gnu-toolchain/bin/../lib/gcc/arm-none-eabi/6.3.1/../../../../arm-none-eabi/lib/thumb/v6-m/crt0.o
 .ARM.attributes
                0x00000000       0x1b d:/atmel/7.0/toolchain/arm/arm-gnu-toolchain/bin/../lib/gcc/arm-none-eabi/6.3.1/../../../../arm-none-eabi/lib/thumb/v6-m/crt0.o
 .group         0x00000000        0x8 src/FingerPrint.o
 .group         0x00000000        0x8 src/FingerPrint.o
 .group         0x00000000        0x8 src/FingerPrint.o
 .group         0x00000000        0x8 src/FingerPrint.o
 .group         0x00000000        0x8 src/FingerPrint.o
 .group         0x00000000        0x8 src/FingerPrint.o
 .group         0x00000000        0x8 src/FingerPrint.o
 .group         0x00000000        0x8 src/FingerPrint.o
[...]
Memory Configuration

Name             Origin             Length             Attributes
rom              0x00000000         0x00040000         xr
ram              0x20000000         0x00008000         xrw
*default*        0x00000000         0xffffffff

Linker script and memory map

LOAD d:/atmel/7.0/toolchain/arm/arm-gnu-toolchain/bin/../lib/gcc/arm-none-eabi/6.3.1/thumb/v6-m/crti.o
LOAD d:/atmel/7.0/toolchain/arm/arm-gnu-toolchain/bin/../lib/gcc/arm-none-eabi/6.3.1/thumb/v6-m/crtbegin.o
LOAD d:/atmel/7.0/toolchain/arm/arm-gnu-toolchain/bin/../lib/gcc/arm-none-eabi/6.3.1/../../../../arm-none-eabi/lib/thumb/v6-m/crt0.o
LOAD src/FingerPrint.o
LOAD src/WIFI_E103W01.o
LOAD src/ASF/sam0/drivers/extint/extint_callback.o
LOAD src/ASF/sam0/drivers/extint/extint_sam_d_r_h/extint.o
LOAD src/Key.o
LOAD src/tc_timer.o
LOAD src/ASF/common2/services/delay/sam0/systick_counter.o
LOAD src/ASF/sam0/drivers/port/port.o
LOAD src/ASF/sam0/drivers/sercom/sercom.o
LOAD src/ASF/sam0/drivers/sercom/usart/usart.o
LOAD src/ASF/sam0/drivers/sercom/usart/usart_interrupt.o
LOAD src/ASF/sam0/drivers/sercom/sercom_interrupt.o
LOAD src/ASF/sam0/drivers/tc/tc_interrupt.o
LOAD src/ASF/sam0/drivers/tc/tc_sam_d_r_h/tc.o
LOAD src/BLE_E104BT02.o
LOAD src/ASF/common2/boards/user_board/init.o
LOAD src/ASF/common/utils/interrupt/interrupt_sam_nvic.o
LOAD src/ASF/sam0/drivers/system/clock/clock_samd20/clock.o
LOAD src/ASF/sam0/drivers/system/clock/clock_samd20/gclk.o
LOAD src/ASF/sam0/drivers/system/interrupt/system_interrupt.o
LOAD src/ASF/sam0/drivers/system/pinmux/pinmux.o
LOAD src/ASF/sam0/drivers/system/system.o
LOAD src/ASF/sam0/utils/cmsis/samd20/source/gcc/startup_samd20.o
LOAD src/ASF/sam0/utils/cmsis/samd20/source/system_samd20.o
LOAD src/ASF/sam0/utils/syscalls/gcc/syscalls.o
LOAD src/main.o
START GROUP
LOAD ../src/ASF/thirdparty/CMSIS/Lib/GCC\libarm_cortexM0l_math.a
LOAD d:/atmel/7.0/toolchain/arm/arm-gnu-toolchain/bin/../lib/gcc/arm-none-eabi/6.3.1/../../../../arm-none-eabi/lib/thumb/v6-m\libm.a
END GROUP
START GROUP
LOAD d:/atmel/7.0/toolchain/arm/arm-gnu-toolchain/bin/../lib/gcc/arm-none-eabi/6.3.1/thumb/v6-m\libgcc.a
LOAD d:/atmel/7.0/toolchain/arm/arm-gnu-toolchain/bin/../lib/gcc/arm-none-eabi/6.3.1/../../../../arm-none-eabi/lib/thumb/v6-m\libc_nano.a
END GROUP
START GROUP
LOAD d:/atmel/7.0/toolchain/arm/arm-gnu-toolchain/bin/../lib/gcc/arm-none-eabi/6.3.1/thumb/v6-m\libgcc.a
LOAD d:/atmel/7.0/toolchain/arm/arm-gnu-toolchain/bin/../lib/gcc/arm-none-eabi/6.3.1/../../../../arm-none-eabi/lib/thumb/v6-m\libc_nano.a
END GROUP
LOAD d:/atmel/7.0/toolchain/arm/arm-gnu-toolchain/bin/../lib/gcc/arm-none-eabi/6.3.1/thumb/v6-m/crtend.o
LOAD d:/atmel/7.0/toolchain/arm/arm-gnu-toolchain/bin/../lib/gcc/arm-none-eabi/6.3.1/thumb/v6-m/crtn.o
                0x00002000                STACK_SIZE = DEFINED (STACK_SIZE)?STACK_SIZE:DEFINED (__stack_size__)?__stack_size__:0x2000

.text           0x00000000     0x1620
                0x00000000                . = ALIGN (0x4)
                0x00000000                _sfixed = .
 *(.vectors .vectors.*)
 .vectors       0x00000000       0xa4 src/ASF/sam0/utils/cmsis/samd20/source/gcc/startup_samd20.o
                0x00000000                exception_table
 *(.text .text.* .gnu.linkonce.t.*)
 .text          0x000000a4       0x60 d:/atmel/7.0/toolchain/arm/arm-gnu-toolchain/bin/../lib/gcc/arm-none-eabi/6.3.1/thumb/v6-m/crtbegin.o
 .text.usart_read_callback
                0x00000104        0x2 src/WIFI_E103W01.o
 .text.usart_write_callback
                0x00000106        0x2 src/WIFI_E103W01.o
 .text.configure_wifi_usart
                0x00000108       0xdc src/WIFI_E103W01.o
                0x00000108                configure_wifi_usart
 .text.configure_wifi_callbacks
                0x000001e4       0x34 src/WIFI_E103W01.o
                0x000001e4                configure_wifi_callbacks
 .text.EIC_Handler
                0x00000218       0x54 src/ASF/sam0/drivers/extint/extint_callback.o
                0x00000218                EIC_Handler
 .text._extint_enable
                0x0000026c       0x18 src/ASF/sam0/drivers/extint/extint_sam_d_r_h/extint.o
 .text._system_extint_init
                0x00000284       0x6c src/ASF/sam0/drivers/extint/extint_sam_d_r_h/extint.o
                0x00000284                _system_extint_init
 .text.delay_init
                0x000002f0       0x40 src/ASF/common2/services/delay/sam0/systick_counter.o
                0x000002f0                delay_init
 .text.port_pin_set_config
                0x00000330       0x24 src/ASF/sam0/drivers/port/port.o
                0x00000330                port_pin_set_config
 .text.long_division
                0x00000354       0xba src/ASF/sam0/drivers/sercom/sercom.o
 .text._sercom_get_sync_baud_val
                0x0000040e       0x28 src/ASF/sam0/drivers/sercom/sercom.o
                0x0000040e                _sercom_get_sync_baud_val
 *fill*         0x00000436        0x2 
 .text._sercom_get_async_baud_val
                0x00000438       0x94 src/ASF/sam0/drivers/sercom/sercom.o
                0x00000438                _sercom_get_async_baud_val
 .text.sercom_set_gclk_generator
                0x000004cc       0x4c src/ASF/sam0/drivers/sercom/sercom.o
                0x000004cc                sercom_set_gclk_generator
 .text._sercom_get_default_pad
                0x00000518      0x178 src/ASF/sam0/drivers/sercom/sercom.o
                0x00000518                _sercom_get_default_pad
 .text._sercom_get_sercom_inst_index
                0x00000690       0x38 src/ASF/sam0/drivers/sercom/sercom.o
                0x00000690                _sercom_get_sercom_inst_index
 .text.usart_init
                0x000006c8      0x254 src/ASF/sam0/drivers/sercom/usart/usart.o
                0x000006c8                usart_init
 .text.usart_register_callback
                0x0000091c       0x16 src/ASF/sam0/drivers/sercom/usart/usart_interrupt.o
                0x0000091c                usart_register_callback
 *fill*         0x00000932        0x2 
 .text._usart_interrupt_handler
                0x00000934      0x124 src/ASF/sam0/drivers/sercom/usart/usart_interrupt.o
                0x00000934                _usart_interrupt_handler
 .text._sercom_default_handler
                0x00000a58        0x2 src/ASF/sam0/drivers/sercom/sercom_interrupt.o
 *fill*         0x00000a5a        0x2 
 .text._sercom_set_handler
                0x00000a5c       0x3c src/ASF/sam0/drivers/sercom/sercom_interrupt.o
                0x00000a5c                _sercom_set_handler
 .text._sercom_get_interrupt_vector
                0x00000a98       0x30 src/ASF/sam0/drivers/sercom/sercom_interrupt.o
                0x00000a98                _sercom_get_interrupt_vector
 .text.SERCOM0_Handler
                0x00000ac8       0x10 src/ASF/sam0/drivers/sercom/sercom_interrupt.o
                0x00000ac8                SERCOM0_Handler
 .text.SERCOM1_Handler
                0x00000ad8       0x10 src/ASF/sam0/drivers/sercom/sercom_interrupt.o
                0x00000ad8                SERCOM1_Handler
 .text.SERCOM2_Handler
                0x00000ae8       0x10 src/ASF/sam0/drivers/sercom/sercom_interrupt.o
                0x00000ae8                SERCOM2_Handler
 .text.SERCOM3_Handler
                0x00000af8       0x10 src/ASF/sam0/drivers/sercom/sercom_interrupt.o
                0x00000af8                SERCOM3_Handler
 .text.SERCOM4_Handler
                0x00000b08       0x10 src/ASF/sam0/drivers/sercom/sercom_interrupt.o
                0x00000b08                SERCOM4_Handler
 .text.SERCOM5_Handler
                0x00000b18       0x10 src/ASF/sam0/drivers/sercom/sercom_interrupt.o
                0x00000b18                SERCOM5_Handler
 .text._tc_interrupt_handler
                0x00000b28       0x64 src/ASF/sam0/drivers/tc/tc_interrupt.o
                0x00000b28                _tc_interrupt_handler
 .text.TC0_Handler
                0x00000b8c       0x10 src/ASF/sam0/drivers/tc/tc_interrupt.o
                0x00000b8c                TC0_Handler
 .text.TC1_Handler
                0x00000b9c       0x10 src/ASF/sam0/drivers/tc/tc_interrupt.o
                0x00000b9c                TC1_Handler
 .text.TC2_Handler
                0x00000bac       0x10 src/ASF/sam0/drivers/tc/tc_interrupt.o
                0x00000bac                TC2_Handler
 .text.TC3_Handler
                0x00000bbc       0x10 src/ASF/sam0/drivers/tc/tc_interrupt.o
                0x00000bbc                TC3_Handler
 .text.TC4_Handler
                0x00000bcc       0x10 src/ASF/sam0/drivers/tc/tc_interrupt.o
                0x00000bcc                TC4_Handler
 .text.TC5_Handler
                0x00000bdc       0x10 src/ASF/sam0/drivers/tc/tc_interrupt.o
                0x00000bdc                TC5_Handler
 .text.TC6_Handler
                0x00000bec       0x10 src/ASF/sam0/drivers/tc/tc_interrupt.o
                0x00000bec                TC6_Handler
 .text.TC7_Handler
                0x00000bfc       0x10 src/ASF/sam0/drivers/tc/tc_interrupt.o
                0x00000bfc                TC7_Handler
 .text.system_board_init
                0x00000c0c        0x2 src/ASF/common2/boards/user_board/init.o
                0x00000c0c                board_init
                0x00000c0c                system_board_init
 *fill*         0x00000c0e        0x2 
 .text.cpu_irq_enter_critical
                0x00000c10       0x40 src/ASF/common/utils/interrupt/interrupt_sam_nvic.o
                0x00000c10                cpu_irq_enter_critical
 .text.cpu_irq_leave_critical
                0x00000c50       0x30 src/ASF/common/utils/interrupt/interrupt_sam_nvic.o
                0x00000c50                cpu_irq_leave_critical
 .text.system_clock_source_get_hz
                0x00000c80       0x7c src/ASF/sam0/drivers/system/clock/clock_samd20/clock.o
                0x00000c80                system_clock_source_get_hz
 .text.system_clock_source_osc8m_set_config
                0x00000cfc       0x3c src/ASF/sam0/drivers/system/clock/clock_samd20/clock.o
                0x00000cfc                system_clock_source_osc8m_set_config
 .text.system_clock_source_xosc32k_set_config
                0x00000d38       0xb8 src/ASF/sam0/drivers/system/clock/clock_samd20/clock.o
                0x00000d38                system_clock_source_xosc32k_set_config
 .text.system_clock_source_enable
                0x00000df0       0x90 src/ASF/sam0/drivers/system/clock/clock_samd20/clock.o
                0x00000df0                system_clock_source_enable
 .text.system_clock_init
                0x00000e80       0xf0 src/ASF/sam0/drivers/system/clock/clock_samd20/clock.o
                0x00000e80                system_clock_init
 .text.system_gclk_init
                0x00000f70       0x24 src/ASF/sam0/drivers/system/clock/clock_samd20/gclk.o
                0x00000f70                system_gclk_init
 .text.system_gclk_gen_set_config
                0x00000f94       0xb8 src/ASF/sam0/drivers/system/clock/clock_samd20/gclk.o
                0x00000f94                system_gclk_gen_set_config
 .text.system_gclk_gen_enable
                0x0000104c       0x44 src/ASF/sam0/drivers/system/clock/clock_samd20/gclk.o
                0x0000104c                system_gclk_gen_enable
 .text.system_gclk_gen_get_hz
                0x00001090       0x8c src/ASF/sam0/drivers/system/clock/clock_samd20/gclk.o
                0x00001090                system_gclk_gen_get_hz
 .text.system_gclk_chan_enable
                0x0000111c       0x30 src/ASF/sam0/drivers/system/clock/clock_samd20/gclk.o
                0x0000111c                system_gclk_chan_enable
 .text.system_gclk_chan_disable
                0x0000114c       0x5c src/ASF/sam0/drivers/system/clock/clock_samd20/gclk.o
                0x0000114c                system_gclk_chan_disable
 .text.system_gclk_chan_set_config
                0x000011a8       0x1c src/ASF/sam0/drivers/system/clock/clock_samd20/gclk.o
                0x000011a8                system_gclk_chan_set_config
 .text.system_gclk_chan_get_hz
                0x000011c4       0x34 src/ASF/sam0/drivers/system/clock/clock_samd20/gclk.o
                0x000011c4                system_gclk_chan_get_hz
 .text._system_pinmux_config
                0x000011f8       0xa8 src/ASF/sam0/drivers/system/pinmux/pinmux.o
 .text.system_pinmux_pin_set_config
                0x000012a0       0x30 src/ASF/sam0/drivers/system/pinmux/pinmux.o
                0x000012a0                system_pinmux_pin_set_config
 .text._system_dummy_init
                0x000012d0        0x2 src/ASF/sam0/drivers/system/system.o
                0x000012d0                _system_events_init
                0x000012d0                _system_dummy_init
                0x000012d0                _system_divas_init
 *fill*         0x000012d2        0x2 
 .text.system_init
                0x000012d4       0x2c src/ASF/sam0/drivers/system/system.o
                0x000012d4                system_init
 .text.Dummy_Handler
                0x00001300        0x2 src/ASF/sam0/utils/cmsis/samd20/source/gcc/startup_samd20.o
                0x00001300                HardFault_Handler
                0x00001300                AC_Handler
                0x00001300                SysTick_Handler
                0x00001300                PendSV_Handler
                0x00001300                NMI_Handler
                0x00001300                ADC_Handler
                0x00001300                RTC_Handler
                0x00001300                WDT_Handler
                0x00001300                Dummy_Handler
                0x00001300                PM_Handler
                0x00001300                SVC_Handler
                0x00001300                EVSYS_Handler
                0x00001300                NVMCTRL_Handler
                0x00001300                DAC_Handler
                0x00001300                PTC_Handler
                0x00001300                SYSCTRL_Handler
 *fill*         0x00001302        0x2 
 .text.Reset_Handler
                0x00001304       0x98 src/ASF/sam0/utils/cmsis/samd20/source/gcc/startup_samd20.o
                0x00001304                Reset_Handler
 .text.LedInit  0x0000139c       0x2c src/main.o
                0x0000139c                LedInit
 .text.main     0x000013c8       0x2c src/main.o
                0x000013c8                main
 .text          0x000013f4      0x114 d:/atmel/7.0/toolchain/arm/arm-gnu-toolchain/bin/../lib/gcc/arm-none-eabi/6.3.1/thumb/v6-m\libgcc.a(_udivsi3.o)
                0x000013f4                __aeabi_uidiv
                0x000013f4                __udivsi3
                0x00001500                __aeabi_uidivmod
 .text          0x00001508        0x4 d:/atmel/7.0/toolchain/arm/arm-gnu-toolchain/bin/../lib/gcc/arm-none-eabi/6.3.1/thumb/v6-m\libgcc.a(_dvmd_tls.o)
                0x00001508                __aeabi_idiv0
                0x00001508                __aeabi_ldiv0
 .text          0x0000150c       0x54 d:/atmel/7.0/toolchain/arm/arm-gnu-toolchain/bin/../lib/gcc/arm-none-eabi/6.3.1/thumb/v6-m\libgcc.a(_muldi3.o)
                0x0000150c                __muldi3
                0x0000150c                __aeabi_lmul
 .text.__libc_init_array
                0x00001560       0x48 d:/atmel/7.0/toolchain/arm/arm-gnu-toolchain/bin/../lib/gcc/arm-none-eabi/6.3.1/../../../../arm-none-eabi/lib/thumb/v6-m\libc_nano.a(lib_a-init.o)
                0x00001560                __libc_init_array
 *(.glue_7t)
 .glue_7t       0x000015a8        0x0 linker stubs
 *(.glue_7)
 .glue_7        0x000015a8        0x0 linker stubs
 *(.rodata .rodata* .gnu.linkonce.r.*)
 .rodata        0x000015a8       0x18 src/ASF/sam0/drivers/sercom/sercom.o
 .rodata.system_clock_source_get_hz
                0x000015c0       0x20 src/ASF/sam0/drivers/system/clock/clock_samd20/clock.o
 .rodata.system_clock_source_enable
                0x000015e0       0x20 src/ASF/sam0/drivers/system/clock/clock_samd20/clock.o
 *(.ARM.extab* .gnu.linkonce.armextab.*)
                0x00001600                . = ALIGN (0x4)
 *(.init)
 .init          0x00001600        0x4 d:/atmel/7.0/toolchain/arm/arm-gnu-toolchain/bin/../lib/gcc/arm-none-eabi/6.3.1/thumb/v6-m/crti.o
                0x00001600                _init
 .init          0x00001604        0x8 d:/atmel/7.0/toolchain/arm/arm-gnu-toolchain/bin/../lib/gcc/arm-none-eabi/6.3.1/thumb/v6-m/crtn.o
                0x0000160c                . = ALIGN (0x4)
                0x0000160c                __preinit_array_start = .
 *(.preinit_array)
                0x0000160c                __preinit_array_end = .
                0x0000160c                . = ALIGN (0x4)
                0x0000160c                __init_array_start = .
 *(SORT(.init_array.*))
 *(.init_array)
 .init_array    0x0000160c        0x4 d:/atmel/7.0/toolchain/arm/arm-gnu-toolchain/bin/../lib/gcc/arm-none-eabi/6.3.1/thumb/v6-m/crtbegin.o
                0x00001610                __init_array_end = .
                0x00001610                . = ALIGN (0x4)
 *crtbegin.o(.ctors)
 *(EXCLUDE_FILE(*crtend.o) .ctors)
 *(SORT(.ctors.*))
 *crtend.o(.ctors)
                0x00001610                . = ALIGN (0x4)
 *(.fini)
 .fini          0x00001610        0x4 d:/atmel/7.0/toolchain/arm/arm-gnu-toolchain/bin/../lib/gcc/arm-none-eabi/6.3.1/thumb/v6-m/crti.o
                0x00001610                _fini
 .fini          0x00001614        0x8 d:/atmel/7.0/toolchain/arm/arm-gnu-toolchain/bin/../lib/gcc/arm-none-eabi/6.3.1/thumb/v6-m/crtn.o
                0x0000161c                . = ALIGN (0x4)
                0x0000161c                __fini_array_start = .
 *(.fini_array)
 .fini_array    0x0000161c        0x4 d:/atmel/7.0/toolchain/arm/arm-gnu-toolchain/bin/../lib/gcc/arm-none-eabi/6.3.1/thumb/v6-m/crtbegin.o
 *(SORT(.fini_array.*))
                0x00001620                __fini_array_end = .
 *crtbegin.o(.dtors)
 *(EXCLUDE_FILE(*crtend.o) .dtors)
 *(SORT(.dtors.*))
 *crtend.o(.dtors)
                0x00001620                . = ALIGN (0x4)
                0x00001620                _efixed = .
                [!provide]                PROVIDE (__exidx_start, .)

.vfp11_veneer   0x00001620        0x0
 .vfp11_veneer  0x00001620        0x0 linker stubs

.v4_bx          0x00001620        0x0
 .v4_bx         0x00001620        0x0 linker stubs

.iplt           0x00001620        0x0
 .iplt          0x00001620        0x0 d:/atmel/7.0/toolchain/arm/arm-gnu-toolchain/bin/../lib/gcc/arm-none-eabi/6.3.1/thumb/v6-m/crtbegin.o

.eh_frame       0x00001620        0x0
 .eh_frame      0x00001620        0x0 d:/atmel/7.0/toolchain/arm/arm-gnu-toolchain/bin/../lib/gcc/arm-none-eabi/6.3.1/thumb/v6-m/crtbegin.o

.rel.dyn        0x00001620        0x0
 .rel.iplt      0x00001620        0x0 d:/atmel/7.0/toolchain/arm/arm-gnu-toolchain/bin/../lib/gcc/arm-none-eabi/6.3.1/thumb/v6-m/crtbegin.o

.jcr            0x00001620        0x0
 .jcr           0x00001620        0x0 d:/atmel/7.0/toolchain/arm/arm-gnu-toolchain/bin/../lib/gcc/arm-none-eabi/6.3.1/thumb/v6-m/crtbegin.o

.igot.plt       0x00001620        0x0
 .igot.plt      0x00001620        0x0 d:/atmel/7.0/toolchain/arm/arm-gnu-toolchain/bin/../lib/gcc/arm-none-eabi/6.3.1/thumb/v6-m/crtbegin.o

.ARM.exidx
 *(.ARM.exidx* .gnu.linkonce.armexidx.*)
                [!provide]                PROVIDE (__exidx_end, .)
                0x00001620                . = ALIGN (0x4)
                0x00001620                _etext = .

.relocate       0x20000000        0xc load address 0x00001620
                0x20000000                . = ALIGN (0x4)
                0x20000000                _srelocate = .
 *(.ramfunc .ramfunc.*)
 *(.data .data.*)
 .data.cycles_per_ms
                0x20000000        0x4 src/ASF/common2/services/delay/sam0/systick_counter.o
 .data.cycles_per_us
                0x20000004        0x4 src/ASF/common2/services/delay/sam0/systick_counter.o
 .data.g_interrupt_enabled
                0x20000008        0x1 src/ASF/common/utils/interrupt/interrupt_sam_nvic.o
                0x20000008                g_interrupt_enabled
                0x2000000c                . = ALIGN (0x4)
 *fill*         0x20000009        0x3 
                0x2000000c                _erelocate = .

.bss            0x2000000c      0x108 load address 0x0000162c
                0x2000000c                . = ALIGN (0x4)
                0x2000000c                _sbss = .
                0x2000000c                _szero = .
 *(.bss .bss.*)
 .bss           0x2000000c       0x1c d:/atmel/7.0/toolchain/arm/arm-gnu-toolchain/bin/../lib/gcc/arm-none-eabi/6.3.1/thumb/v6-m/crtbegin.o
 .bss._sercom_config
                0x20000028        0x2 src/ASF/sam0/drivers/sercom/sercom.o
 .bss._handler_table_initialized
                0x2000002a        0x1 src/ASF/sam0/drivers/sercom/sercom_interrupt.o
 *fill*         0x2000002b        0x1 
 .bss._sercom_interrupt_handlers
                0x2000002c       0x18 src/ASF/sam0/drivers/sercom/sercom_interrupt.o
 .bss.cpu_irq_critical_section_counter
                0x20000044        0x4 src/ASF/common/utils/interrupt/interrupt_sam_nvic.o
 .bss.cpu_irq_prev_interrupt_state
                0x20000048        0x1 src/ASF/common/utils/interrupt/interrupt_sam_nvic.o
 *fill*         0x20000049        0x3 
 .bss._system_clock_inst
                0x2000004c       0x14 src/ASF/sam0/drivers/system/clock/clock_samd20/clock.o
 *(COMMON)
 COMMON         0x20000060       0x38 src/WIFI_E103W01.o
                0x20000060                wifi_rx_buffer
                0x20000074                usart_wifi_instance
 COMMON         0x20000098        0x1 src/ASF/sam0/drivers/extint/extint_callback.o
                0x20000098                _current_channel
 *fill*         0x20000099        0x3 
 COMMON         0x2000009c       0x40 src/ASF/sam0/drivers/extint/extint_sam_d_r_h/extint.o
                0x2000009c                _extint_dev
 COMMON         0x200000dc       0x18 src/ASF/sam0/drivers/sercom/sercom_interrupt.o
                0x200000dc                _sercom_instances
 COMMON         0x200000f4       0x20 src/ASF/sam0/drivers/tc/tc_interrupt.o
                0x200000f4                _tc_instances
                0x20000114                . = ALIGN (0x4)
                0x20000114                _ebss = .
                0x20000114                _ezero = .

.stack          0x20000114     0x2004 load address 0x00001734
                0x20000118                . = ALIGN (0x8)
 *fill*         0x20000114        0x4 
                0x20000118                _sstack = .
                0x20002118                . = (. + STACK_SIZE)
 *fill*         0x20000118     0x2000 
                0x20002118                . = ALIGN (0x8)
                0x20002118                _estack = .
                0x20002118                . = ALIGN (0x4)
                0x20002118                _end = .
OUTPUT(Haut.elf elf32-littlearm)

.ARM.attributes
                0x00000000       0x28
 .ARM.attributes
                0x00000000       0x1e d:/atmel/7.0/toolchain/arm/arm-gnu-toolchain/bin/../lib/gcc/arm-none-eabi/6.3.1/thumb/v6-m/crti.o
 .ARM.attributes
                0x0000001e       0x2c d:/atmel/7.0/toolchain/arm/arm-gnu-toolchain/bin/../lib/gcc/arm-none-eabi/6.3.1/thumb/v6-m/crtbegin.o
 .ARM.attributes
                0x0000004a       0x32 src/WIFI_E103W01.o
 .ARM.attributes
                0x0000007c       0x32 src/ASF/sam0/drivers/extint/extint_callback.o
 .ARM.attributes
                0x000000ae       0x32 src/ASF/sam0/drivers/extint/extint_sam_d_r_h/extint.o
 .ARM.attributes
                0x000000e0       0x32 src/ASF/common2/services/delay/sam0/systick_counter.o
 .ARM.attributes
                0x00000112       0x32 src/ASF/sam0/drivers/port/port.o
 .ARM.attributes
                0x00000144       0x32 src/ASF/sam0/drivers/sercom/sercom.o
 .ARM.attributes
                0x00000176       0x32 src/ASF/sam0/drivers/sercom/usart/usart.o
 .ARM.attributes
                0x000001a8       0x32 src/ASF/sam0/drivers/sercom/usart/usart_interrupt.o
 .ARM.attributes
                0x000001da       0x32 src/ASF/sam0/drivers/sercom/sercom_interrupt.o
 .ARM.attributes
                0x0000020c       0x32 src/ASF/sam0/drivers/tc/tc_interrupt.o
 .ARM.attributes
                0x0000023e       0x32 src/ASF/common2/boards/user_board/init.o
 .ARM.attributes
                0x00000270       0x32 src/ASF/common/utils/interrupt/interrupt_sam_nvic.o
 .ARM.attributes
                0x000002a2       0x32 src/ASF/sam0/drivers/system/clock/clock_samd20/clock.o
 .ARM.attributes
                0x000002d4       0x32 src/ASF/sam0/drivers/system/clock/clock_samd20/gclk.o
 .ARM.attributes
                0x00000306       0x32 src/ASF/sam0/drivers/system/pinmux/pinmux.o
 .ARM.attributes
                0x00000338       0x32 src/ASF/sam0/drivers/system/system.o
 .ARM.attributes
                0x0000036a       0x32 src/ASF/sam0/utils/cmsis/samd20/source/gcc/startup_samd20.o
 .ARM.attributes
                0x0000039c       0x32 src/main.o
 .ARM.attributes
                0x000003ce       0x1e d:/atmel/7.0/toolchain/arm/arm-gnu-toolchain/bin/../lib/gcc/arm-none-eabi/6.3.1/thumb/v6-m\libgcc.a(_udivsi3.o)
 .ARM.attributes
                0x000003ec       0x1e d:/atmel/7.0/toolchain/arm/arm-gnu-toolchain/bin/../lib/gcc/arm-none-eabi/6.3.1/thumb/v6-m\libgcc.a(_dvmd_tls.o)
 .ARM.attributes
                0x0000040a       0x2c d:/atmel/7.0/toolchain/arm/arm-gnu-toolchain/bin/../lib/gcc/arm-none-eabi/6.3.1/thumb/v6-m\libgcc.a(_muldi3.o)
 .ARM.attributes
                0x00000436       0x2c d:/atmel/7.0/toolchain/arm/arm-gnu-toolchain/bin/../lib/gcc/arm-none-eabi/6.3.1/../../../../arm-none-eabi/lib/thumb/v6-m\libc_nano.a(lib_a-init.o)
 .ARM.attributes
                0x00000462       0x1e d:/atmel/7.0/toolchain/arm/arm-gnu-toolchain/bin/../lib/gcc/arm-none-eabi/6.3.1/thumb/v6-m/crtn.o

.comment        0x00000000       0x59
 .comment       0x00000000       0x59 src/WIFI_E103W01.o
                                 0x5a (size before relaxing)
 .comment       0x00000059       0x5a src/ASF/sam0/drivers/extint/extint_callback.o
 .comment       0x00000059       0x5a src/ASF/sam0/drivers/extint/extint_sam_d_r_h/extint.o
 .comment       0x00000059       0x5a src/ASF/common2/services/delay/sam0/systick_counter.o
 .comment       0x00000059       0x5a src/ASF/sam0/drivers/port/port.o
 .comment       0x00000059       0x5a src/ASF/sam0/drivers/sercom/sercom.o
 .comment       0x00000059       0x5a src/ASF/sam0/drivers/sercom/usart/usart.o
 .comment       0x00000059       0x5a src/ASF/sam0/drivers/sercom/usart/usart_interrupt.o
 .comment       0x00000059       0x5a src/ASF/sam0/drivers/sercom/sercom_interrupt.o
 .comment       0x00000059       0x5a src/ASF/sam0/drivers/tc/tc_interrupt.o
 .comment       0x00000059       0x5a src/ASF/common2/boards/user_board/init.o
 .comment       0x00000059       0x5a src/ASF/common/utils/interrupt/interrupt_sam_nvic.o
 .comment       0x00000059       0x5a src/ASF/sam0/drivers/system/clock/clock_samd20/clock.o
 .comment       0x00000059       0x5a src/ASF/sam0/drivers/system/clock/clock_samd20/gclk.o
 .comment       0x00000059       0x5a src/ASF/sam0/drivers/system/pinmux/pinmux.o
 .comment       0x00000059       0x5a src/ASF/sam0/drivers/system/system.o
 .comment       0x00000059       0x5a src/ASF/sam0/utils/cmsis/samd20/source/gcc/startup_samd20.o
 .comment       0x00000059       0x5a src/main.o

.debug_info     0x00000000    0x23f8d
 .debug_info    0x00000000     0x36cc src/WIFI_E103W01.o
 .debug_info    0x000036cc     0x199d src/ASF/sam0/drivers/extint/extint_callback.o
 .debug_info    0x00005069     0x2a14 src/ASF/sam0/drivers/extint/extint_sam_d_r_h/extint.o
 .debug_info    0x00007a7d      0xb8d src/ASF/common2/services/delay/sam0/systick_counter.o
 .debug_info    0x0000860a     0x12b8 src/ASF/sam0/drivers/port/port.o
 .debug_info    0x000098c2     0x2668 src/ASF/sam0/drivers/sercom/sercom.o
 .debug_info    0x0000bf2a     0x42b7 src/ASF/sam0/drivers/sercom/usart/usart.o
 .debug_info    0x000101e1     0x2887 src/ASF/sam0/drivers/sercom/usart/usart_interrupt.o
 .debug_info    0x00012a68     0x245c src/ASF/sam0/drivers/sercom/sercom_interrupt.o
 .debug_info    0x00014ec4     0x1c1b src/ASF/sam0/drivers/tc/tc_interrupt.o
 .debug_info    0x00016adf      0xa79 src/ASF/common2/boards/user_board/init.o
 .debug_info    0x00017558      0xb07 src/ASF/common/utils/interrupt/interrupt_sam_nvic.o
 .debug_info    0x0001805f     0x3dee src/ASF/sam0/drivers/system/clock/clock_samd20/clock.o
 .debug_info    0x0001be4d     0x1de8 src/ASF/sam0/drivers/system/clock/clock_samd20/gclk.o
 .debug_info    0x0001dc35     0x1376 src/ASF/sam0/drivers/system/pinmux/pinmux.o
 .debug_info    0x0001efab      0xa73 src/ASF/sam0/drivers/system/system.o
 .debug_info    0x0001fa1e      0x9c9 src/ASF/sam0/utils/cmsis/samd20/source/gcc/startup_samd20.o
 .debug_info    0x000203e7     0x3ba6 src/main.o

.debug_abbrev   0x00000000     0x39a0
 .debug_abbrev  0x00000000      0x408 src/WIFI_E103W01.o
 .debug_abbrev  0x00000408      0x333 src/ASF/sam0/drivers/extint/extint_callback.o
 .debug_abbrev  0x0000073b      0x4a7 src/ASF/sam0/drivers/extint/extint_sam_d_r_h/extint.o
 .debug_abbrev  0x00000be2      0x24b src/ASF/common2/services/delay/sam0/systick_counter.o
 .debug_abbrev  0x00000e2d      0x298 src/ASF/sam0/drivers/port/port.o
 .debug_abbrev  0x000010c5      0x378 src/ASF/sam0/drivers/sercom/sercom.o
 .debug_abbrev  0x0000143d      0x480 src/ASF/sam0/drivers/sercom/usart/usart.o
 .debug_abbrev  0x000018bd      0x416 src/ASF/sam0/drivers/sercom/usart/usart_interrupt.o
 .debug_abbrev  0x00001cd3      0x2d8 src/ASF/sam0/drivers/sercom/sercom_interrupt.o
 .debug_abbrev  0x00001fab      0x2ff src/ASF/sam0/drivers/tc/tc_interrupt.o
 .debug_abbrev  0x000022aa      0x1be src/ASF/common2/boards/user_board/init.o
 .debug_abbrev  0x00002468      0x22c src/ASF/common/utils/interrupt/interrupt_sam_nvic.o
 .debug_abbrev  0x00002694      0x4cf src/ASF/sam0/drivers/system/clock/clock_samd20/clock.o
 .debug_abbrev  0x00002b63      0x3f1 src/ASF/sam0/drivers/system/clock/clock_samd20/gclk.o
 .debug_abbrev  0x00002f54      0x332 src/ASF/sam0/drivers/system/pinmux/pinmux.o
 .debug_abbrev  0x00003286      0x1e1 src/ASF/sam0/drivers/system/system.o
 .debug_abbrev  0x00003467      0x1e4 src/ASF/sam0/utils/cmsis/samd20/source/gcc/startup_samd20.o
 .debug_abbrev  0x0000364b      0x355 src/main.o

.debug_loc      0x00000000     0x43eb
 .debug_loc     0x00000000      0x21f src/WIFI_E103W01.o
 .debug_loc     0x0000021f      0x2ac src/ASF/sam0/drivers/extint/extint_callback.o
 .debug_loc     0x000004cb      0x43d src/ASF/sam0/drivers/extint/extint_sam_d_r_h/extint.o
 .debug_loc     0x00000908       0xe4 src/ASF/common2/services/delay/sam0/systick_counter.o
 .debug_loc     0x000009ec      0x13d src/ASF/sam0/drivers/port/port.o
 .debug_loc     0x00000b29      0x9d5 src/ASF/sam0/drivers/sercom/sercom.o
 .debug_loc     0x000014fe      0xc56 src/ASF/sam0/drivers/sercom/usart/usart.o
 .debug_loc     0x00002154      0x6b6 src/ASF/sam0/drivers/sercom/usart/usart_interrupt.o
 .debug_loc     0x0000280a      0x161 src/ASF/sam0/drivers/sercom/sercom_interrupt.o
 .debug_loc     0x0000296b      0x228 src/ASF/sam0/drivers/tc/tc_interrupt.o
 .debug_loc     0x00002b93      0xe9d src/ASF/sam0/drivers/system/clock/clock_samd20/clock.o
 .debug_loc     0x00003a30      0x504 src/ASF/sam0/drivers/system/clock/clock_samd20/gclk.o
 .debug_loc     0x00003f34      0x322 src/ASF/sam0/drivers/system/pinmux/pinmux.o
 .debug_loc     0x00004256       0x20 src/ASF/sam0/drivers/system/system.o
 .debug_loc     0x00004276       0x40 src/ASF/sam0/utils/cmsis/samd20/source/gcc/startup_samd20.o
 .debug_loc     0x000042b6      0x135 src/main.o

.debug_aranges  0x00000000      0x4f8
 .debug_aranges
                0x00000000       0x50 src/WIFI_E103W01.o
 .debug_aranges
                0x00000050       0x48 src/ASF/sam0/drivers/extint/extint_callback.o
 .debug_aranges
                0x00000098       0x50 src/ASF/sam0/drivers/extint/extint_sam_d_r_h/extint.o
 .debug_aranges
                0x000000e8       0x30 src/ASF/common2/services/delay/sam0/systick_counter.o
 .debug_aranges
                0x00000118       0x28 src/ASF/sam0/drivers/port/port.o
 .debug_aranges
                0x00000140       0x48 src/ASF/sam0/drivers/sercom/sercom.o
 .debug_aranges
                0x00000188       0x40 src/ASF/sam0/drivers/sercom/usart/usart.o
 .debug_aranges
                0x000001c8       0x70 src/ASF/sam0/drivers/sercom/usart/usart_interrupt.o
 .debug_aranges
                0x00000238       0x60 src/ASF/sam0/drivers/sercom/sercom_interrupt.o
 .debug_aranges
                0x00000298       0x70 src/ASF/sam0/drivers/tc/tc_interrupt.o
 .debug_aranges
                0x00000308       0x20 src/ASF/common2/boards/user_board/init.o
 .debug_aranges
                0x00000328       0x28 src/ASF/common/utils/interrupt/interrupt_sam_nvic.o
 .debug_aranges
                0x00000350       0x70 src/ASF/sam0/drivers/system/clock/clock_samd20/clock.o
 .debug_aranges
                0x000003c0       0x80 src/ASF/sam0/drivers/system/clock/clock_samd20/gclk.o
 .debug_aranges
                0x00000440       0x38 src/ASF/sam0/drivers/system/pinmux/pinmux.o
 .debug_aranges
                0x00000478       0x28 src/ASF/sam0/drivers/system/system.o
 .debug_aranges
                0x000004a0       0x28 src/ASF/sam0/utils/cmsis/samd20/source/gcc/startup_samd20.o
 .debug_aranges
                0x000004c8       0x30 src/main.o

.debug_ranges   0x00000000      0x560
 .debug_ranges  0x00000000       0x40 src/WIFI_E103W01.o
 .debug_ranges  0x00000040       0x90 src/ASF/sam0/drivers/extint/extint_callback.o
 .debug_ranges  0x000000d0       0x40 src/ASF/sam0/drivers/extint/extint_sam_d_r_h/extint.o
 .debug_ranges  0x00000110       0x50 src/ASF/common2/services/delay/sam0/systick_counter.o
 .debug_ranges  0x00000160       0x18 src/ASF/sam0/drivers/port/port.o
 .debug_ranges  0x00000178       0x50 src/ASF/sam0/drivers/sercom/sercom.o
 .debug_ranges  0x000001c8      0x100 src/ASF/sam0/drivers/sercom/usart/usart.o
 .debug_ranges  0x000002c8       0x60 src/ASF/sam0/drivers/sercom/usart/usart_interrupt.o
 .debug_ranges  0x00000328       0x50 src/ASF/sam0/drivers/sercom/sercom_interrupt.o
 .debug_ranges  0x00000378       0x60 src/ASF/sam0/drivers/tc/tc_interrupt.o
 .debug_ranges  0x000003d8       0x10 src/ASF/common2/boards/user_board/init.o
 .debug_ranges  0x000003e8       0x18 src/ASF/common/utils/interrupt/interrupt_sam_nvic.o
 .debug_ranges  0x00000400       0x60 src/ASF/sam0/drivers/system/clock/clock_samd20/clock.o
 .debug_ranges  0x00000460       0x88 src/ASF/sam0/drivers/system/clock/clock_samd20/gclk.o
 .debug_ranges  0x000004e8       0x28 src/ASF/sam0/drivers/system/pinmux/pinmux.o
 .debug_ranges  0x00000510       0x18 src/ASF/sam0/drivers/system/system.o
 .debug_ranges  0x00000528       0x18 src/ASF/sam0/utils/cmsis/samd20/source/gcc/startup_samd20.o
 .debug_ranges  0x00000540       0x20 src/main.o

.debug_macro    0x00000000     0x5db8
 .debug_macro   0x00000000      0x5e0 src/WIFI_E103W01.o
 .debug_macro   0x000005e0       0x10 src/WIFI_E103W01.o
 .debug_macro   0x000005f0      0x4c9 src/ASF/sam0/drivers/extint/extint_callback.o
 .debug_macro   0x00000ab9      0x524 src/ASF/sam0/drivers/extint/extint_sam_d_r_h/extint.o
 .debug_macro   0x00000fdd       0x18 src/ASF/sam0/drivers/extint/extint_sam_d_r_h/extint.o
 .debug_macro   0x00000ff5       0x16 src/ASF/sam0/drivers/extint/extint_sam_d_r_h/extint.o
 .debug_macro   0x0000100b      0x4e0 src/ASF/common2/services/delay/sam0/systick_counter.o
 .debug_macro   0x000014eb      0x4be src/ASF/sam0/drivers/port/port.o
 .debug_macro   0x000019a9       0x12 src/ASF/sam0/drivers/port/port.o
 .debug_macro   0x000019bb      0x532 src/ASF/sam0/drivers/sercom/sercom.o
 .debug_macro   0x00001eed      0x543 src/ASF/sam0/drivers/sercom/usart/usart.o
 .debug_macro   0x00002430       0x19 src/ASF/sam0/drivers/sercom/usart/usart.o
 .debug_macro   0x00002449      0x543 src/ASF/sam0/drivers/sercom/usart/usart_interrupt.o
 .debug_macro   0x0000298c      0x52f src/ASF/sam0/drivers/sercom/sercom_interrupt.o
 .debug_macro   0x00002ebb      0x513 src/ASF/sam0/drivers/tc/tc_interrupt.o
 .debug_macro   0x000033ce       0x19 src/ASF/sam0/drivers/tc/tc_interrupt.o
 .debug_macro   0x000033e7       0x51 src/ASF/sam0/drivers/tc/tc_interrupt.o
 .debug_macro   0x00003438      0x5cd src/ASF/common2/boards/user_board/init.o
 .debug_macro   0x00003a05      0x4a4 src/ASF/common/utils/interrupt/interrupt_sam_nvic.o
 .debug_macro   0x00003ea9      0x5b9 src/ASF/sam0/drivers/system/clock/clock_samd20/clock.o
 .debug_macro   0x00004462      0x21a src/ASF/sam0/drivers/system/clock/clock_samd20/clock.o
 .debug_macro   0x0000467c      0x4db src/ASF/sam0/drivers/system/clock/clock_samd20/gclk.o
 .debug_macro   0x00004b57      0x4b6 src/ASF/sam0/drivers/system/pinmux/pinmux.o
 .debug_macro   0x0000500d      0x4e8 src/ASF/sam0/drivers/system/system.o
 .debug_macro   0x000054f5      0x28b src/ASF/sam0/utils/cmsis/samd20/source/gcc/startup_samd20.o
 .debug_macro   0x00005780       0x3a src/ASF/sam0/utils/cmsis/samd20/source/gcc/startup_samd20.o
 .debug_macro   0x000057ba      0x5fe src/main.o

.debug_line     0x00000000     0xb78e
 .debug_line    0x00000000      0xcfd src/WIFI_E103W01.o
 .debug_line    0x00000cfd      0x8fa src/ASF/sam0/drivers/extint/extint_callback.o
 .debug_line    0x000015f7      0xb4f src/ASF/sam0/drivers/extint/extint_sam_d_r_h/extint.o
 .debug_line    0x00002146      0x8e3 src/ASF/common2/services/delay/sam0/systick_counter.o
 .debug_line    0x00002a29      0x824 src/ASF/sam0/drivers/port/port.o
 .debug_line    0x0000324d      0xaf3 src/ASF/sam0/drivers/sercom/sercom.o
 .debug_line    0x00003d40      0xc12 src/ASF/sam0/drivers/sercom/usart/usart.o
 .debug_line    0x00004952      0xbc9 src/ASF/sam0/drivers/sercom/usart/usart_interrupt.o
 .debug_line    0x0000551b      0xa96 src/ASF/sam0/drivers/sercom/sercom_interrupt.o
 .debug_line    0x00005fb1      0x9f5 src/ASF/sam0/drivers/tc/tc_interrupt.o
 .debug_line    0x000069a6      0xbbc src/ASF/common2/boards/user_board/init.o
 .debug_line    0x00007562      0x7f8 src/ASF/common/utils/interrupt/interrupt_sam_nvic.o
 .debug_line    0x00007d5a      0xb6d src/ASF/sam0/drivers/system/clock/clock_samd20/clock.o
 .debug_line    0x000088c7      0xb95 src/ASF/sam0/drivers/system/clock/clock_samd20/gclk.o
 .debug_line    0x0000945c      0x854 src/ASF/sam0/drivers/system/pinmux/pinmux.o
 .debug_line    0x00009cb0      0x910 src/ASF/sam0/drivers/system/system.o
 .debug_line    0x0000a5c0      0x570 src/ASF/sam0/utils/cmsis/samd20/source/gcc/startup_samd20.o
 .debug_line    0x0000ab30      0xc5e src/main.o

.debug_str      0x00000000    0x5f3c4
 .debug_str     0x00000000    0x5a8da src/WIFI_E103W01.o
                              0x5aea9 (size before relaxing)
 .debug_str     0x0005a8da      0x4bb src/ASF/sam0/drivers/extint/extint_callback.o
                              0x584d7 (size before relaxing)
 .debug_str     0x0005ad95      0x79f src/ASF/sam0/drivers/extint/extint_sam_d_r_h/extint.o
                              0x5942c (size before relaxing)
 .debug_str     0x0005b534       0xbc src/ASF/common2/services/delay/sam0/systick_counter.o
                              0x57ecb (size before relaxing)
 .debug_str     0x0005b5f0       0x5e src/ASF/sam0/drivers/port/port.o
                              0x580dc (size before relaxing)
 .debug_str     0x0005b64e      0x3a9 src/ASF/sam0/drivers/sercom/sercom.o
                              0x591ff (size before relaxing)
 .debug_str     0x0005b9f7      0x435 src/ASF/sam0/drivers/sercom/usart/usart.o
                              0x59be6 (size before relaxing)
 .debug_str     0x0005be2c      0x1f0 src/ASF/sam0/drivers/sercom/usart/usart_interrupt.o
                              0x5909d (size before relaxing)
 .debug_str     0x0005c01c      0x158 src/ASF/sam0/drivers/sercom/sercom_interrupt.o
                              0x59038 (size before relaxing)
 .debug_str     0x0005c174      0x3a2 src/ASF/sam0/drivers/tc/tc_interrupt.o
                              0x58a2f (size before relaxing)
 .debug_str     0x0005c516       0x3e src/ASF/common2/boards/user_board/init.o
                              0x59626 (size before relaxing)
 .debug_str     0x0005c554       0x66 src/ASF/common/utils/interrupt/interrupt_sam_nvic.o
                              0x57cd6 (size before relaxing)
 .debug_str     0x0005c5ba     0x26e7 src/ASF/sam0/drivers/system/clock/clock_samd20/clock.o
                              0x5af23 (size before relaxing)
 .debug_str     0x0005eca1      0x1b7 src/ASF/sam0/drivers/system/clock/clock_samd20/gclk.o
                              0x58909 (size before relaxing)
 .debug_str     0x0005ee58       0xf4 src/ASF/sam0/drivers/system/pinmux/pinmux.o
                              0x580cd (size before relaxing)
 .debug_str     0x0005ef4c       0x47 src/ASF/sam0/drivers/system/system.o
                              0x57d72 (size before relaxing)
 .debug_str     0x0005ef93      0x391 src/ASF/sam0/utils/cmsis/samd20/source/gcc/startup_samd20.o
                              0x42ef6 (size before relaxing)
 .debug_str     0x0005f324       0xa0 src/main.o
                              0x5aa04 (size before relaxing)

.debug_frame    0x00000000      0xb68
 .debug_frame   0x00000000       0x9c src/WIFI_E103W01.o
 .debug_frame   0x0000009c       0x7c src/ASF/sam0/drivers/extint/extint_callback.o
 .debug_frame   0x00000118       0xb8 src/ASF/sam0/drivers/extint/extint_sam_d_r_h/extint.o
 .debug_frame   0x000001d0       0x64 src/ASF/common2/services/delay/sam0/systick_counter.o
 .debug_frame   0x00000234       0x44 src/ASF/sam0/drivers/port/port.o
 .debug_frame   0x00000278       0xbc src/ASF/sam0/drivers/sercom/sercom.o
 .debug_frame   0x00000334       0xac src/ASF/sam0/drivers/sercom/usart/usart.o
 .debug_frame   0x000003e0      0x110 src/ASF/sam0/drivers/sercom/usart/usart_interrupt.o
 .debug_frame   0x000004f0       0xe8 src/ASF/sam0/drivers/sercom/sercom_interrupt.o
 .debug_frame   0x000005d8      0x10c src/ASF/sam0/drivers/tc/tc_interrupt.o
 .debug_frame   0x000006e4       0x20 src/ASF/common2/boards/user_board/init.o
 .debug_frame   0x00000704       0x30 src/ASF/common/utils/interrupt/interrupt_sam_nvic.o
 .debug_frame   0x00000734      0x130 src/ASF/sam0/drivers/system/clock/clock_samd20/clock.o
 .debug_frame   0x00000864      0x148 src/ASF/sam0/drivers/system/clock/clock_samd20/gclk.o
 .debug_frame   0x000009ac       0x74 src/ASF/sam0/drivers/system/pinmux/pinmux.o
 .debug_frame   0x00000a20       0x38 src/ASF/sam0/drivers/system/system.o
 .debug_frame   0x00000a58       0x38 src/ASF/sam0/utils/cmsis/samd20/source/gcc/startup_samd20.o
 .debug_frame   0x00000a90       0x58 src/main.o
 .debug_frame   0x00000ae8       0x20 d:/atmel/7.0/toolchain/arm/arm-gnu-toolchain/bin/../lib/gcc/arm-none-eabi/6.3.1/thumb/v6-m\libgcc.a(_udivsi3.o)
 .debug_frame   0x00000b08       0x34 d:/atmel/7.0/toolchain/arm/arm-gnu-toolchain/bin/../lib/gcc/arm-none-eabi/6.3.1/thumb/v6-m\libgcc.a(_muldi3.o)
 .debug_frame   0x00000b3c       0x2c d:/atmel/7.0/toolchain/arm/arm-gnu-toolchain/bin/../lib/gcc/arm-none-eabi/6.3.1/../../../../arm-none-eabi/lib/thumb/v6-m\libc_nano.a(lib_a-init.o)

Cross Reference Table

Symbol                                            File
AC_Handler                                        src/ASF/sam0/utils/cmsis/samd20/source/gcc/startup_samd20.o
ADC_Handler                                       src/ASF/sam0/utils/cmsis/samd20/source/gcc/startup_samd20.o
BuzzerInit                                        src/main.o
DAC_Handler                                       src/ASF/sam0/utils/cmsis/samd20/source/gcc/startup_samd20.o
Dummy_Handler                                     src/ASF/sam0/utils/cmsis/samd20/source/gcc/startup_samd20.o
EIC_Handler                                       src/ASF/sam0/drivers/extint/extint_callback.o
EVSYS_Handler                                     src/ASF/sam0/utils/cmsis/samd20/source/gcc/startup_samd20.o
FPaction                                          src/FingerPrint.o
FPaction_Flag                                     src/FingerPrint.o
HardFault_Handler                                 src/ASF/sam0/utils/cmsis/samd20/source/gcc/startup_samd20.o
LedInit                                           src/main.o
NMI_Handler                                       src/ASF/sam0/utils/cmsis/samd20/source/gcc/startup_samd20.o
NVMCTRL_Handler                                   src/ASF/sam0/utils/cmsis/samd20/source/gcc/startup_samd20.o
PM_Handler                                        src/ASF/sam0/utils/cmsis/samd20/source/gcc/startup_samd20.o
PTC_Handler                                       src/ASF/sam0/utils/cmsis/samd20/source/gcc/startup_samd20.o
PendSV_Handler                                    src/ASF/sam0/utils/cmsis/samd20/source/gcc/startup_samd20.o
RTC_Handler                                       src/ASF/sam0/utils/cmsis/samd20/source/gcc/startup_samd20.o
Reset_Handler                                     src/ASF/sam0/utils/cmsis/samd20/source/gcc/startup_samd20.o
SERCOM0_Handler                                   src/ASF/sam0/drivers/sercom/sercom_interrupt.o
SERCOM1_Handler                                   src/ASF/sam0/drivers/sercom/sercom_interrupt.o
SERCOM2_Handler                                   src/ASF/sam0/drivers/sercom/sercom_interrupt.o
SERCOM3_Handler                                   src/ASF/sam0/drivers/sercom/sercom_interrupt.o
SERCOM4_Handler                                   src/ASF/sam0/drivers/sercom/sercom_interrupt.o
SERCOM5_Handler                                   src/ASF/sam0/drivers/sercom/sercom_interrupt.o
SVC_Handler                                       src/ASF/sam0/utils/cmsis/samd20/source/gcc/startup_samd20.o
SYSCTRL_Handler                                   src/ASF/sam0/utils/cmsis/samd20/source/gcc/startup_samd20.o
SysTick_Handler                                   src/ASF/sam0/utils/cmsis/samd20/source/gcc/startup_samd20.o
SystemCoreClock                                   src/ASF/sam0/utils/cmsis/samd20/source/system_samd20.o
SystemCoreClockUpdate                             src/ASF/sam0/utils/cmsis/samd20/source/system_samd20.o
SystemInit                                        src/ASF/sam0/utils/cmsis/samd20/source/system_samd20.o
TC0_Handler                                       src/ASF/sam0/drivers/tc/tc_interrupt.o
TC1_Handler                                       src/ASF/sam0/drivers/tc/tc_interrupt.o
TC2_Handler                                       src/ASF/sam0/drivers/tc/tc_interrupt.o
TC3_Handler                                       src/ASF/sam0/drivers/tc/tc_interrupt.o
TC4_Handler                                       src/ASF/sam0/drivers/tc/tc_interrupt.o
TC5_Handler                                       src/ASF/sam0/drivers/tc/tc_interrupt.o
TC6_Handler                                       src/ASF/sam0/drivers/tc/tc_interrupt.o
TC7_Handler                                       src/ASF/sam0/drivers/tc/tc_interrupt.o
WDT_Handler                                       src/ASF/sam0/utils/cmsis/samd20/source/gcc/startup_samd20.o
_Jv_RegisterClasses                               d:/atmel/7.0/toolchain/arm/arm-gnu-toolchain/bin/../lib/gcc/arm-none-eabi/6.3.1/thumb/v6-m/crtbegin.o
__aeabi_idiv0                                     d:/atmel/7.0/toolchain/arm/arm-gnu-toolchain/bin/../lib/gcc/arm-none-eabi/6.3.1/thumb/v6-m\libgcc.a(_dvmd_tls.o)
                                                  d:/atmel/7.0/toolchain/arm/arm-gnu-toolchain/bin/../lib/gcc/arm-none-eabi/6.3.1/thumb/v6-m\libgcc.a(_udivsi3.o)
__aeabi_ldiv0                                     d:/atmel/7.0/toolchain/arm/arm-gnu-toolchain/bin/../lib/gcc/arm-none-eabi/6.3.1/thumb/v6-m\libgcc.a(_dvmd_tls.o)
__aeabi_lmul                                      d:/atmel/7.0/toolchain/arm/arm-gnu-toolchain/bin/../lib/gcc/arm-none-eabi/6.3.1/thumb/v6-m\libgcc.a(_muldi3.o)
                                                  src/ASF/sam0/drivers/sercom/sercom.o
__aeabi_uidiv                                     d:/atmel/7.0/toolchain/arm/arm-gnu-toolchain/bin/../lib/gcc/arm-none-eabi/6.3.1/thumb/v6-m\libgcc.a(_udivsi3.o)
                                                  src/ASF/sam0/drivers/system/clock/clock_samd20/gclk.o
                                                  src/ASF/common2/services/delay/sam0/systick_counter.o
__aeabi_uidivmod                                  d:/atmel/7.0/toolchain/arm/arm-gnu-toolchain/bin/../lib/gcc/arm-none-eabi/6.3.1/thumb/v6-m\libgcc.a(_udivsi3.o)
__bss_end__                                       d:/atmel/7.0/toolchain/arm/arm-gnu-toolchain/bin/../lib/gcc/arm-none-eabi/6.3.1/../../../../arm-none-eabi/lib/thumb/v6-m/crt0.o
__bss_start__                                     d:/atmel/7.0/toolchain/arm/arm-gnu-toolchain/bin/../lib/gcc/arm-none-eabi/6.3.1/../../../../arm-none-eabi/lib/thumb/v6-m/crt0.o
__call_exitprocs                                  d:/atmel/7.0/toolchain/arm/arm-gnu-toolchain/bin/../lib/gcc/arm-none-eabi/6.3.1/../../../../arm-none-eabi/lib/thumb/v6-m\libc_nano.a(lib_a-exit.o)
__deregister_frame_info                           d:/atmel/7.0/toolchain/arm/arm-gnu-toolchain/bin/../lib/gcc/arm-none-eabi/6.3.1/thumb/v6-m/crtbegin.o
__dso_handle                                      d:/atmel/7.0/toolchain/arm/arm-gnu-toolchain/bin/../lib/gcc/arm-none-eabi/6.3.1/thumb/v6-m/crtbegin.o
__init_array_end                                  d:/atmel/7.0/toolchain/arm/arm-gnu-toolchain/bin/../lib/gcc/arm-none-eabi/6.3.1/../../../../arm-none-eabi/lib/thumb/v6-m\libc_nano.a(lib_a-init.o)
__init_array_start                                d:/atmel/7.0/toolchain/arm/arm-gnu-toolchain/bin/../lib/gcc/arm-none-eabi/6.3.1/../../../../arm-none-eabi/lib/thumb/v6-m\libc_nano.a(lib_a-init.o)
__libc_fini_array                                 d:/atmel/7.0/toolchain/arm/arm-gnu-toolchain/bin/../lib/gcc/arm-none-eabi/6.3.1/../../../../arm-none-eabi/lib/thumb/v6-m/crt0.o
__libc_init_array                                 d:/atmel/7.0/toolchain/arm/arm-gnu-toolchain/bin/../lib/gcc/arm-none-eabi/6.3.1/../../../../arm-none-eabi/lib/thumb/v6-m\libc_nano.a(lib_a-init.o)
                                                  src/ASF/sam0/utils/cmsis/samd20/source/gcc/startup_samd20.o
                                                  d:/atmel/7.0/toolchain/arm/arm-gnu-toolchain/bin/../lib/gcc/arm-none-eabi/6.3.1/../../../../arm-none-eabi/lib/thumb/v6-m/crt0.o
__muldi3                                          d:/atmel/7.0/toolchain/arm/arm-gnu-toolchain/bin/../lib/gcc/arm-none-eabi/6.3.1/thumb/v6-m\libgcc.a(_muldi3.o)
__preinit_array_end                               d:/atmel/7.0/toolchain/arm/arm-gnu-toolchain/bin/../lib/gcc/arm-none-eabi/6.3.1/../../../../arm-none-eabi/lib/thumb/v6-m\libc_nano.a(lib_a-init.o)
__preinit_array_start                             d:/atmel/7.0/toolchain/arm/arm-gnu-toolchain/bin/../lib/gcc/arm-none-eabi/6.3.1/../../../../arm-none-eabi/lib/thumb/v6-m\libc_nano.a(lib_a-init.o)
__register_frame_info                             d:/atmel/7.0/toolchain/arm/arm-gnu-toolchain/bin/../lib/gcc/arm-none-eabi/6.3.1/thumb/v6-m/crtbegin.o
__sf_fake_stderr                                  d:/atmel/7.0/toolchain/arm/arm-gnu-toolchain/bin/../lib/gcc/arm-none-eabi/6.3.1/../../../../arm-none-eabi/lib/thumb/v6-m\libc_nano.a(lib_a-impure.o)
__sf_fake_stdin                                   d:/atmel/7.0/toolchain/arm/arm-gnu-toolchain/bin/../lib/gcc/arm-none-eabi/6.3.1/../../../../arm-none-eabi/lib/thumb/v6-m\libc_nano.a(lib_a-impure.o)
__sf_fake_stdout                                  d:/atmel/7.0/toolchain/arm/arm-gnu-toolchain/bin/../lib/gcc/arm-none-eabi/6.3.1/../../../../arm-none-eabi/lib/thumb/v6-m\libc_nano.a(lib_a-impure.o)
__stack                                           d:/atmel/7.0/toolchain/arm/arm-gnu-toolchain/bin/../lib/gcc/arm-none-eabi/6.3.1/../../../../arm-none-eabi/lib/thumb/v6-m/crt0.o
__udivsi3                                         d:/atmel/7.0/toolchain/arm/arm-gnu-toolchain/bin/../lib/gcc/arm-none-eabi/6.3.1/thumb/v6-m\libgcc.a(_udivsi3.o)
_close                                            src/ASF/sam0/utils/syscalls/gcc/syscalls.o
_current_channel                                  src/ASF/sam0/drivers/extint/extint_callback.o
_end                                              src/ASF/sam0/utils/syscalls/gcc/syscalls.o
_erelocate                                        src/ASF/sam0/utils/cmsis/samd20/source/gcc/startup_samd20.o
_estack                                           src/ASF/sam0/utils/cmsis/samd20/source/gcc/startup_samd20.o
_etext                                            src/ASF/sam0/utils/cmsis/samd20/source/gcc/startup_samd20.o
_exit                                             src/ASF/sam0/utils/syscalls/gcc/syscalls.o
                                                  d:/atmel/7.0/toolchain/arm/arm-gnu-toolchain/bin/../lib/gcc/arm-none-eabi/6.3.1/../../../../arm-none-eabi/lib/thumb/v6-m\libc_nano.a(lib_a-exit.o)
_extint_dev                                       src/ASF/sam0/drivers/extint/extint_sam_d_r_h/extint.o
                                                  src/ASF/sam0/drivers/extint/extint_callback.o
_ezero                                            src/ASF/sam0/utils/cmsis/samd20/source/gcc/startup_samd20.o
_fini                                             d:/atmel/7.0/toolchain/arm/arm-gnu-toolchain/bin/../lib/gcc/arm-none-eabi/6.3.1/thumb/v6-m/crti.o
_fstat                                            src/ASF/sam0/utils/syscalls/gcc/syscalls.o
_getpid                                           src/ASF/sam0/utils/syscalls/gcc/syscalls.o
_global_impure_ptr                                d:/atmel/7.0/toolchain/arm/arm-gnu-toolchain/bin/../lib/gcc/arm-none-eabi/6.3.1/../../../../arm-none-eabi/lib/thumb/v6-m\libc_nano.a(lib_a-impure.o)
                                                  d:/atmel/7.0/toolchain/arm/arm-gnu-toolchain/bin/../lib/gcc/arm-none-eabi/6.3.1/../../../../arm-none-eabi/lib/thumb/v6-m\libc_nano.a(lib_a-exit.o)
_impure_ptr                                       d:/atmel/7.0/toolchain/arm/arm-gnu-toolchain/bin/../lib/gcc/arm-none-eabi/6.3.1/../../../../arm-none-eabi/lib/thumb/v6-m\libc_nano.a(lib_a-impure.o)
_init                                             d:/atmel/7.0/toolchain/arm/arm-gnu-toolchain/bin/../lib/gcc/arm-none-eabi/6.3.1/thumb/v6-m/crti.o
                                                  d:/atmel/7.0/toolchain/arm/arm-gnu-toolchain/bin/../lib/gcc/arm-none-eabi/6.3.1/../../../../arm-none-eabi/lib/thumb/v6-m\libc_nano.a(lib_a-init.o)
_isatty                                           src/ASF/sam0/utils/syscalls/gcc/syscalls.o
_kill                                             src/ASF/sam0/utils/syscalls/gcc/syscalls.o
_lseek                                            src/ASF/sam0/utils/syscalls/gcc/syscalls.o
_mainCRTStartup                                   d:/atmel/7.0/toolchain/arm/arm-gnu-toolchain/bin/../lib/gcc/arm-none-eabi/6.3.1/../../../../arm-none-eabi/lib/thumb/v6-m/crt0.o
_sbrk                                             src/ASF/sam0/utils/syscalls/gcc/syscalls.o
_sercom_get_async_baud_val                        src/ASF/sam0/drivers/sercom/sercom.o
                                                  src/ASF/sam0/drivers/sercom/usart/usart.o
_sercom_get_default_pad                           src/ASF/sam0/drivers/sercom/sercom.o
                                                  src/ASF/sam0/drivers/sercom/usart/usart.o
_sercom_get_interrupt_vector                      src/ASF/sam0/drivers/sercom/sercom_interrupt.o
                                                  src/BLE_E104BT02.o
                                                  src/WIFI_E103W01.o
                                                  src/FingerPrint.o
_sercom_get_sercom_inst_index                     src/ASF/sam0/drivers/sercom/sercom.o
                                                  src/ASF/sam0/drivers/sercom/sercom_interrupt.o
                                                  src/ASF/sam0/drivers/sercom/usart/usart.o
_sercom_get_sync_baud_val                         src/ASF/sam0/drivers/sercom/sercom.o
                                                  src/ASF/sam0/drivers/sercom/usart/usart.o
_sercom_instances                                 src/ASF/sam0/drivers/sercom/sercom_interrupt.o
                                                  src/ASF/sam0/drivers/sercom/usart/usart_interrupt.o
                                                  src/ASF/sam0/drivers/sercom/usart/usart.o
_sercom_set_handler                               src/ASF/sam0/drivers/sercom/sercom_interrupt.o
                                                  src/ASF/sam0/drivers/sercom/usart/usart.o
_sfixed                                           src/ASF/sam0/utils/cmsis/samd20/source/gcc/startup_samd20.o
_srelocate                                        src/ASF/sam0/utils/cmsis/samd20/source/gcc/startup_samd20.o
_start                                            d:/atmel/7.0/toolchain/arm/arm-gnu-toolchain/bin/../lib/gcc/arm-none-eabi/6.3.1/../../../../arm-none-eabi/lib/thumb/v6-m/crt0.o
_system_divas_init                                src/ASF/sam0/drivers/system/system.o
_system_dummy_init                                src/ASF/sam0/drivers/system/system.o
_system_events_init                               src/ASF/sam0/drivers/system/system.o
_system_extint_init                               src/ASF/sam0/drivers/extint/extint_sam_d_r_h/extint.o
_szero                                            src/ASF/sam0/utils/cmsis/samd20/source/gcc/startup_samd20.o
_tc_get_inst_index                                src/ASF/sam0/drivers/tc/tc_sam_d_r_h/tc.o
                                                  src/tc_timer.o
_tc_instances                                     src/ASF/sam0/drivers/tc/tc_interrupt.o
                                                  src/ASF/sam0/drivers/tc/tc_sam_d_r_h/tc.o
_tc_interrupt_handler                             src/ASF/sam0/drivers/tc/tc_interrupt.o
_usart_interrupt_handler                          src/ASF/sam0/drivers/sercom/usart/usart_interrupt.o
                                                  src/ASF/sam0/drivers/sercom/usart/usart.o
_usart_read_buffer                                src/ASF/sam0/drivers/sercom/usart/usart_interrupt.o
_usart_write_buffer                               src/ASF/sam0/drivers/sercom/usart/usart_interrupt.o
atexit                                            d:/atmel/7.0/toolchain/arm/arm-gnu-toolchain/bin/../lib/gcc/arm-none-eabi/6.3.1/../../../../arm-none-eabi/lib/thumb/v6-m/crt0.o
ble_con_state                                     src/BLE_E104BT02.o
ble_is_data_transmission                          src/BLE_E104BT02.o
ble_power                                         src/BLE_E104BT02.o
ble_reset                                         src/BLE_E104BT02.o
ble_rx_buffer                                     src/main.o
                                                  src/BLE_E104BT02.o
                                                  src/WIFI_E103W01.o
                                                  src/FingerPrint.o
ble_sleep                                         src/BLE_E104BT02.o
ble_transmitbuff                                  src/BLE_E104BT02.o
board_init                                        src/ASF/common2/boards/user_board/init.o
configureBLE_usart                                src/BLE_E104BT02.o
configureBLE_usart_callbacks                      src/BLE_E104BT02.o
configure_FP                                      src/FingerPrint.o
configure_extint_callbacks                        src/Key.o
configure_extint_channel                          src/Key.o
configure_tc                                      src/tc_timer.o
configure_tc_callbacks                            src/tc_timer.o
configure_wifi_callbacks                          src/WIFI_E103W01.o
                                                  src/main.o
configure_wifi_usart                              src/WIFI_E103W01.o
                                                  src/main.o
cpu_irq_enter_critical                            src/ASF/common/utils/interrupt/interrupt_sam_nvic.o
                                                  src/ASF/sam0/drivers/system/clock/clock_samd20/gclk.o
                                                  src/ASF/sam0/drivers/sercom/usart/usart_interrupt.o
cpu_irq_leave_critical                            src/ASF/common/utils/interrupt/interrupt_sam_nvic.o
                                                  src/ASF/sam0/drivers/system/clock/clock_samd20/gclk.o
                                                  src/ASF/sam0/drivers/sercom/usart/usart_interrupt.o
delay_cycles_ms                                   src/ASF/common2/services/delay/sam0/systick_counter.o
                                                  src/BLE_E104BT02.o
delay_cycles_us                                   src/ASF/common2/services/delay/sam0/systick_counter.o
delay_init                                        src/ASF/common2/services/delay/sam0/systick_counter.o
                                                  src/main.o
exception_table                                   src/ASF/sam0/utils/cmsis/samd20/source/gcc/startup_samd20.o
exit                                              d:/atmel/7.0/toolchain/arm/arm-gnu-toolchain/bin/../lib/gcc/arm-none-eabi/6.3.1/../../../../arm-none-eabi/lib/thumb/v6-m\libc_nano.a(lib_a-exit.o)
                                                  d:/atmel/7.0/toolchain/arm/arm-gnu-toolchain/bin/../lib/gcc/arm-none-eabi/6.3.1/../../../../arm-none-eabi/lib/thumb/v6-m/crt0.o
extint_BUTTON_start_detection_callback            src/Key.o
extint_chan_disable_callback                      src/ASF/sam0/drivers/extint/extint_callback.o
extint_chan_enable_callback                       src/ASF/sam0/drivers/extint/extint_callback.o
                                                  src/Key.o
                                                  src/FingerPrint.o
extint_chan_get_config_defaults                   src/ASF/sam0/drivers/extint/extint_sam_d_r_h/extint.o
                                                  src/Key.o
                                                  src/FingerPrint.o
extint_chan_set_config                            src/ASF/sam0/drivers/extint/extint_sam_d_r_h/extint.o
                                                  src/Key.o
                                                  src/FingerPrint.o
extint_disable_events                             src/ASF/sam0/drivers/extint/extint_sam_d_r_h/extint.o
extint_enable_events                              src/ASF/sam0/drivers/extint/extint_sam_d_r_h/extint.o
extint_get_current_channel                        src/ASF/sam0/drivers/extint/extint_callback.o
extint_nmi_set_config                             src/ASF/sam0/drivers/extint/extint_sam_d_r_h/extint.o
extint_register_callback                          src/ASF/sam0/drivers/extint/extint_callback.o
                                                  src/Key.o
                                                  src/FingerPrint.o
extint_unregister_callback                        src/ASF/sam0/drivers/extint/extint_callback.o
finger_reset                                      src/FingerPrint.o
finger_rx_buffer                                  src/main.o
                                                  src/FingerPrint.o
finger_transmitbuff                               src/FingerPrint.o
g_interrupt_enabled                               src/ASF/common/utils/interrupt/interrupt_sam_nvic.o
hardware_init_hook                                d:/atmel/7.0/toolchain/arm/arm-gnu-toolchain/bin/../lib/gcc/arm-none-eabi/6.3.1/../../../../arm-none-eabi/lib/thumb/v6-m/crt0.o
link                                              src/ASF/sam0/utils/syscalls/gcc/syscalls.o
main                                              src/main.o
                                                  src/ASF/sam0/utils/cmsis/samd20/source/gcc/startup_samd20.o
                                                  d:/atmel/7.0/toolchain/arm/arm-gnu-toolchain/bin/../lib/gcc/arm-none-eabi/6.3.1/../../../../arm-none-eabi/lib/thumb/v6-m/crt0.o
memset                                            d:/atmel/7.0/toolchain/arm/arm-gnu-toolchain/bin/../lib/gcc/arm-none-eabi/6.3.1/../../../../arm-none-eabi/lib/thumb/v6-m\libc_nano.a(lib_a-memset.o)
                                                  d:/atmel/7.0/toolchain/arm/arm-gnu-toolchain/bin/../lib/gcc/arm-none-eabi/6.3.1/../../../../arm-none-eabi/lib/thumb/v6-m/crt0.o
port_group_set_config                             src/ASF/sam0/drivers/port/port.o
port_pin_set_config                               src/ASF/sam0/drivers/port/port.o
                                                  src/main.o
                                                  src/BLE_E104BT02.o
                                                  src/WIFI_E103W01.o
                                                  src/FingerPrint.o
sercom_set_gclk_generator                         src/ASF/sam0/drivers/sercom/sercom.o
                                                  src/ASF/sam0/drivers/sercom/usart/usart.o
software_init_hook                                d:/atmel/7.0/toolchain/arm/arm-gnu-toolchain/bin/../lib/gcc/arm-none-eabi/6.3.1/../../../../arm-none-eabi/lib/thumb/v6-m/crt0.o
system_board_init                                 src/ASF/common2/boards/user_board/init.o
system_clock_init                                 src/ASF/sam0/drivers/system/clock/clock_samd20/clock.o
system_clock_source_dfll_set_config               src/ASF/sam0/drivers/system/clock/clock_samd20/clock.o
system_clock_source_disable                       src/ASF/sam0/drivers/system/clock/clock_samd20/clock.o
system_clock_source_enable                        src/ASF/sam0/drivers/system/clock/clock_samd20/clock.o
system_clock_source_get_hz                        src/ASF/sam0/drivers/system/clock/clock_samd20/clock.o
                                                  src/ASF/sam0/drivers/system/clock/clock_samd20/gclk.o
system_clock_source_is_ready                      src/ASF/sam0/drivers/system/clock/clock_samd20/clock.o
system_clock_source_osc32k_set_config             src/ASF/sam0/drivers/system/clock/clock_samd20/clock.o
system_clock_source_osc8m_set_config              src/ASF/sam0/drivers/system/clock/clock_samd20/clock.o
system_clock_source_write_calibration             src/ASF/sam0/drivers/system/clock/clock_samd20/clock.o
system_clock_source_xosc32k_set_config            src/ASF/sam0/drivers/system/clock/clock_samd20/clock.o
system_clock_source_xosc_set_config               src/ASF/sam0/drivers/system/clock/clock_samd20/clock.o
system_gclk_chan_disable                          src/ASF/sam0/drivers/system/clock/clock_samd20/gclk.o
                                                  src/ASF/sam0/drivers/extint/extint_sam_d_r_h/extint.o
system_gclk_chan_enable                           src/ASF/sam0/drivers/system/clock/clock_samd20/gclk.o
                                                  src/ASF/sam0/drivers/tc/tc_sam_d_r_h/tc.o
                                                  src/ASF/sam0/drivers/sercom/usart/usart.o
                                                  src/ASF/sam0/drivers/sercom/sercom.o
                                                  src/ASF/sam0/drivers/extint/extint_sam_d_r_h/extint.o
system_gclk_chan_get_hz                           src/ASF/sam0/drivers/system/clock/clock_samd20/gclk.o
                                                  src/ASF/sam0/drivers/system/clock/clock_samd20/clock.o
                                                  src/ASF/sam0/drivers/sercom/usart/usart.o
system_gclk_chan_is_enabled                       src/ASF/sam0/drivers/system/clock/clock_samd20/gclk.o
system_gclk_chan_is_locked                        src/ASF/sam0/drivers/system/clock/clock_samd20/gclk.o
system_gclk_chan_lock                             src/ASF/sam0/drivers/system/clock/clock_samd20/gclk.o
system_gclk_chan_set_config                       src/ASF/sam0/drivers/system/clock/clock_samd20/gclk.o
                                                  src/ASF/sam0/drivers/system/clock/clock_samd20/clock.o
                                                  src/ASF/sam0/drivers/tc/tc_sam_d_r_h/tc.o
                                                  src/ASF/sam0/drivers/sercom/usart/usart.o
                                                  src/ASF/sam0/drivers/sercom/sercom.o
                                                  src/ASF/sam0/drivers/extint/extint_sam_d_r_h/extint.o
system_gclk_gen_disable                           src/ASF/sam0/drivers/system/clock/clock_samd20/gclk.o
system_gclk_gen_enable                            src/ASF/sam0/drivers/system/clock/clock_samd20/gclk.o
                                                  src/ASF/sam0/drivers/system/clock/clock_samd20/clock.o
system_gclk_gen_get_hz                            src/ASF/sam0/drivers/system/clock/clock_samd20/gclk.o
                                                  src/ASF/common2/services/delay/sam0/systick_counter.o
system_gclk_gen_is_enabled                        src/ASF/sam0/drivers/system/clock/clock_samd20/gclk.o
system_gclk_gen_set_config                        src/ASF/sam0/drivers/system/clock/clock_samd20/gclk.o
                                                  src/ASF/sam0/drivers/system/clock/clock_samd20/clock.o
system_gclk_init                                  src/ASF/sam0/drivers/system/clock/clock_samd20/gclk.o
                                                  src/ASF/sam0/drivers/system/clock/clock_samd20/clock.o
system_init                                       src/ASF/sam0/drivers/system/system.o
                                                  src/main.o
system_interrupt_clear_pending                    src/ASF/sam0/drivers/system/interrupt/system_interrupt.o
system_interrupt_get_priority                     src/ASF/sam0/drivers/system/interrupt/system_interrupt.o
system_interrupt_is_pending                       src/ASF/sam0/drivers/system/interrupt/system_interrupt.o
system_interrupt_set_pending                      src/ASF/sam0/drivers/system/interrupt/system_interrupt.o
system_interrupt_set_priority                     src/ASF/sam0/drivers/system/interrupt/system_interrupt.o
system_pinmux_group_set_config                    src/ASF/sam0/drivers/system/pinmux/pinmux.o
                                                  src/ASF/sam0/drivers/port/port.o
system_pinmux_group_set_input_sample_mode         src/ASF/sam0/drivers/system/pinmux/pinmux.o
system_pinmux_pin_set_config                      src/ASF/sam0/drivers/system/pinmux/pinmux.o
                                                  src/ASF/sam0/drivers/tc/tc_sam_d_r_h/tc.o
                                                  src/ASF/sam0/drivers/sercom/usart/usart.o
                                                  src/ASF/sam0/drivers/port/port.o
                                                  src/ASF/sam0/drivers/extint/extint_sam_d_r_h/extint.o
tc_callback_to_toggle_led                         src/tc_timer.o
tc_get_capture_value                              src/ASF/sam0/drivers/tc/tc_sam_d_r_h/tc.o
tc_get_count_value                                src/ASF/sam0/drivers/tc/tc_sam_d_r_h/tc.o
tc_init                                           src/ASF/sam0/drivers/tc/tc_sam_d_r_h/tc.o
                                                  src/tc_timer.o
tc_instance                                       src/main.o
                                                  src/tc_timer.o
tc_register_callback                              src/ASF/sam0/drivers/tc/tc_interrupt.o
                                                  src/tc_timer.o
tc_reset                                          src/ASF/sam0/drivers/tc/tc_sam_d_r_h/tc.o
tc_set_compare_value                              src/ASF/sam0/drivers/tc/tc_sam_d_r_h/tc.o
tc_set_count_value                                src/ASF/sam0/drivers/tc/tc_sam_d_r_h/tc.o
tc_set_top_value                                  src/ASF/sam0/drivers/tc/tc_sam_d_r_h/tc.o
tc_unregister_callback                            src/ASF/sam0/drivers/tc/tc_interrupt.o
usart_abort_job                                   src/ASF/sam0/drivers/sercom/usart/usart_interrupt.o
usart_ble_instance                                src/main.o
                                                  src/BLE_E104BT02.o
                                                  src/WIFI_E103W01.o
                                                  src/FingerPrint.o
usart_finger_instance                             src/main.o
                                                  src/FingerPrint.o
usart_get_job_status                              src/ASF/sam0/drivers/sercom/usart/usart_interrupt.o
usart_init                                        src/ASF/sam0/drivers/sercom/usart/usart.o
                                                  src/BLE_E104BT02.o
                                                  src/WIFI_E103W01.o
                                                  src/FingerPrint.o
usart_read_buffer_job                             src/ASF/sam0/drivers/sercom/usart/usart_interrupt.o
                                                  src/FingerPrint.o
usart_read_buffer_wait                            src/ASF/sam0/drivers/sercom/usart/usart.o
usart_read_job                                    src/ASF/sam0/drivers/sercom/usart/usart_interrupt.o
usart_read_wait                                   src/ASF/sam0/drivers/sercom/usart/usart.o
usart_register_callback                           src/ASF/sam0/drivers/sercom/usart/usart_interrupt.o
                                                  src/BLE_E104BT02.o
                                                  src/WIFI_E103W01.o
                                                  src/FingerPrint.o
usart_unregister_callback                         src/ASF/sam0/drivers/sercom/usart/usart_interrupt.o
usart_wifi_instance                               src/main.o
                                                  src/WIFI_E103W01.o
usart_write_buffer_job                            src/ASF/sam0/drivers/sercom/usart/usart_interrupt.o
                                                  src/FingerPrint.o
usart_write_buffer_wait                           src/ASF/sam0/drivers/sercom/usart/usart.o
usart_write_job                                   src/ASF/sam0/drivers/sercom/usart/usart_interrupt.o
usart_write_wait                                  src/ASF/sam0/drivers/sercom/usart/usart.o
wifi_power                                        src/WIFI_E103W01.o
wifi_reset                                        src/WIFI_E103W01.o
wifi_rx_buffer                                    src/main.o
                                                  src/WIFI_E103W01.o
wifi_sleep                                        src/WIFI_E103W01.o
wifi_transmitbuff                                 src/WIFI_E103W01.o
